0 verbose cli /data/data/com.termux/files/usr/bin/node /data/data/com.termux/files/usr/bin/npm
1 info using npm@11.19.0
2 info using node@v26.4.0
3 silly config load:file:/data/data/com.termux/files/usr/lib/node_modules/npm/npmrc
4 silly config load:file:/data/data/com.termux/files/home/mon-chat/.npmrc
5 silly config load:file:/data/data/com.termux/files/home/.npmrc
6 silly config load:file:/data/data/com.termux/files/usr/etc/npmrc
7 verbose title npm install express socket.io
8 verbose argv "install" "express" "socket.io"
9 verbose logfile logs-max:10 dir:/data/data/com.termux/files/home/.npm/_logs/2026-08-25T14_02_14_378Z-
10 verbose logfile /data/data/com.termux/files/home/.npm/_logs/2026-08-25T14_02_14_378Z-debug-0.log
11 silly logfile done cleaning log files
12 silly packumentCache heap:1082130432 maxSize:270532608 maxEntrySize:135266304
13 silly idealTree buildDeps
14 silly fetch manifest express@*
15 silly packumentCache full:https://registry.npmjs.org/express cache-miss
16 http cache https://registry.npmjs.org/express 118ms (cache hit)
17 silly packumentCache full:https://registry.npmjs.org/express set size:804975 disposed:false
18 silly fetch manifest socket.io@*
19 silly packumentCache full:https://registry.npmjs.org/socket.io cache-miss
20 http cache https://registry.npmjs.org/socket.io 27ms (cache hit)
21 silly packumentCache full:https://registry.npmjs.org/socket.io set size:379231 disposed:false
22 silly placeDep ROOT express@5.2.1 OK for: mon-chat@1.0.0 want: *
23 silly placeDep ROOT socket.io@4.8.3 OK for: mon-chat@1.0.0 want: *
24 silly fetch manifest qs@^6.14.0
25 silly packumentCache full:https://registry.npmjs.org/qs cache-miss
26 silly fetch manifest depd@^2.0.0
27 silly packumentCache full:https://registry.npmjs.org/depd cache-miss
28 silly fetch manifest etag@^1.8.1
29 silly packumentCache full:https://registry.npmjs.org/etag cache-miss
30 silly fetch manifest once@^1.4.0
31 silly packumentCache full:https://registry.npmjs.org/once cache-miss
32 silly fetch manifest send@^1.1.0
33 silly packumentCache full:https://registry.npmjs.org/send cache-miss
34 silly fetch manifest vary@^1.1.2
35 silly packumentCache full:https://registry.npmjs.org/vary cache-miss
36 silly fetch manifest debug@^4.4.0
37 silly packumentCache full:https://registry.npmjs.org/debug cache-miss
38 http cache https://registry.npmjs.org/etag 142ms (cache hit)
39 silly packumentCache full:https://registry.npmjs.org/etag set size:30032 disposed:false
40 silly fetch manifest fresh@^2.0.0
41 silly packumentCache full:https://registry.npmjs.org/fresh cache-miss
42 http cache https://registry.npmjs.org/depd 161ms (cache hit)
43 silly packumentCache full:https://registry.npmjs.org/depd set size:40182 disposed:false
44 silly fetch manifest cookie@^0.7.1
45 silly packumentCache full:https://registry.npmjs.org/cookie cache-miss
46 http cache https://registry.npmjs.org/once 168ms (cache hit)
47 silly packumentCache full:https://registry.npmjs.org/once set size:11752 disposed:false
48 silly fetch manifest router@^2.2.0
49 silly packumentCache full:https://registry.npmjs.org/router cache-miss
50 http cache https://registry.npmjs.org/qs 189ms (cache hit)
51 silly packumentCache full:https://registry.npmjs.org/qs set size:360318 disposed:false
52 silly fetch manifest accepts@^2.0.0
53 silly packumentCache full:https://registry.npmjs.org/accepts cache-miss
54 http cache https://registry.npmjs.org/vary 209ms (cache hit)
55 silly packumentCache full:https://registry.npmjs.org/vary set size:15994 disposed:false
56 silly fetch manifest type-is@^2.0.1
57 silly packumentCache full:https://registry.npmjs.org/type-is cache-miss
58 http cache https://registry.npmjs.org/send 222ms (cache hit)
59 silly packumentCache full:https://registry.npmjs.org/send set size:152810 disposed:false
60 silly fetch manifest parseurl@^1.3.3
61 silly packumentCache full:https://registry.npmjs.org/parseurl cache-miss
62 http cache https://registry.npmjs.org/debug 238ms (cache hit)
63 silly packumentCache full:https://registry.npmjs.org/debug set size:195840 disposed:false
64 silly fetch manifest statuses@^2.0.1
65 silly packumentCache full:https://registry.npmjs.org/statuses cache-miss
66 http cache https://registry.npmjs.org/fresh 173ms (cache hit)
67 silly packumentCache full:https://registry.npmjs.org/fresh set size:25427 disposed:false
68 silly fetch manifest encodeurl@^2.0.0
69 silly packumentCache full:https://registry.npmjs.org/encodeurl cache-miss
70 http cache https://registry.npmjs.org/router 165ms (cache hit)
71 silly packumentCache full:https://registry.npmjs.org/router set size:116499 disposed:false
72 silly fetch manifest mime-types@^3.0.0
73 silly packumentCache full:https://registry.npmjs.org/mime-types cache-miss
74 http cache https://registry.npmjs.org/accepts 147ms (cache hit)
75 silly packumentCache full:https://registry.npmjs.org/accepts set size:77054 disposed:false
76 silly fetch manifest proxy-addr@^2.0.7
77 silly packumentCache full:https://registry.npmjs.org/proxy-addr cache-miss
78 http cache https://registry.npmjs.org/cookie 211ms (cache hit)
79 silly packumentCache full:https://registry.npmjs.org/cookie set size:78274 disposed:false
80 silly fetch manifest body-parser@^2.2.1
81 silly packumentCache full:https://registry.npmjs.org/body-parser cache-miss
82 http cache https://registry.npmjs.org/parseurl 153ms (cache hit)
83 silly packumentCache full:https://registry.npmjs.org/parseurl set size:24148 disposed:false
84 silly fetch manifest escape-html@^1.0.3
85 silly packumentCache full:https://registry.npmjs.org/escape-html cache-miss
86 http cache https://registry.npmjs.org/statuses 136ms (cache hit)
87 silly packumentCache full:https://registry.npmjs.org/statuses set size:37117 disposed:false
88 silly fetch manifest http-errors@^2.0.0
89 silly packumentCache full:https://registry.npmjs.org/http-errors cache-miss
90 http cache https://registry.npmjs.org/type-is 195ms (cache hit)
91 silly packumentCache full:https://registry.npmjs.org/type-is set size:88614 disposed:false
92 silly fetch manifest on-finished@^2.4.1
93 silly packumentCache full:https://registry.npmjs.org/on-finished cache-miss
94 http cache https://registry.npmjs.org/encodeurl 129ms (cache hit)
95 silly packumentCache full:https://registry.npmjs.org/encodeurl set size:12296 disposed:false
96 silly fetch manifest content-type@^1.0.5
97 silly packumentCache full:https://registry.npmjs.org/content-type cache-miss
98 http cache https://registry.npmjs.org/mime-types 126ms (cache hit)
99 silly packumentCache full:https://registry.npmjs.org/mime-types set size:139110 disposed:false
100 silly fetch manifest finalhandler@^2.1.0
101 silly packumentCache full:https://registry.npmjs.org/finalhandler cache-miss
102 http cache https://registry.npmjs.org/escape-html 96ms (cache hit)
103 silly packumentCache full:https://registry.npmjs.org/escape-html set size:7345 disposed:false
104 silly fetch manifest range-parser@^1.2.1
105 silly packumentCache full:https://registry.npmjs.org/range-parser cache-miss
106 http cache https://registry.npmjs.org/proxy-addr 140ms (cache hit)
107 silly packumentCache full:https://registry.npmjs.org/proxy-addr set size:61619 disposed:false
108 silly fetch manifest serve-static@^2.2.0
109 silly packumentCache full:https://registry.npmjs.org/serve-static cache-miss
110 http cache https://registry.npmjs.org/body-parser 131ms (cache hit)
111 silly packumentCache full:https://registry.npmjs.org/body-parser set size:204559 disposed:false
112 silly fetch manifest cookie-signature@^1.2.1
113 silly packumentCache full:https://registry.npmjs.org/cookie-signature cache-miss
114 http cache https://registry.npmjs.org/http-errors 134ms (cache hit)
115 silly packumentCache full:https://registry.npmjs.org/http-errors set size:71987 disposed:false
116 silly fetch manifest merge-descriptors@^2.0.0
117 silly packumentCache full:https://registry.npmjs.org/merge-descriptors cache-miss
118 http cache https://registry.npmjs.org/on-finished 133ms (cache hit)
119 silly packumentCache full:https://registry.npmjs.org/on-finished set size:23212 disposed:false
120 silly fetch manifest content-disposition@^1.0.0
121 silly packumentCache full:https://registry.npmjs.org/content-disposition cache-miss
122 http cache https://registry.npmjs.org/finalhandler 115ms (cache hit)
123 silly packumentCache full:https://registry.npmjs.org/finalhandler set size:79291 disposed:false
124 silly fetch manifest accepts@~1.3.4
125 silly packumentCache full:https://registry.npmjs.org/accepts cache-hit
126 silly fetch manifest base64id@~2.0.0
127 silly packumentCache full:https://registry.npmjs.org/base64id cache-miss
128 http cache https://registry.npmjs.org/content-type 156ms (cache hit)
129 silly packumentCache full:https://registry.npmjs.org/content-type set size:23936 disposed:false
130 silly fetch manifest cors@~2.8.5
131 silly packumentCache full:https://registry.npmjs.org/cors cache-miss
132 http cache https://registry.npmjs.org/range-parser 140ms (cache hit)
133 silly packumentCache full:https://registry.npmjs.org/range-parser set size:24852 disposed:false
134 silly fetch manifest debug@~4.4.1
135 silly packumentCache full:https://registry.npmjs.org/debug cache-hit
136 silly fetch manifest engine.io@~6.6.0
137 silly packumentCache full:https://registry.npmjs.org/engine.io cache-miss
138 http cache https://registry.npmjs.org/merge-descriptors 103ms (cache hit)
139 silly packumentCache full:https://registry.npmjs.org/merge-descriptors set size:16527 disposed:false
140 silly fetch manifest socket.io-adapter@~2.5.2
141 silly packumentCache full:https://registry.npmjs.org/socket.io-adapter cache-miss
142 http cache https://registry.npmjs.org/serve-static 153ms (cache hit)
143 silly packumentCache full:https://registry.npmjs.org/serve-static set size:150391 disposed:false
144 silly fetch manifest socket.io-parser@~4.2.4
145 silly packumentCache full:https://registry.npmjs.org/socket.io-parser cache-miss
146 http cache https://registry.npmjs.org/cookie-signature 154ms (cache hit)
147 silly packumentCache full:https://registry.npmjs.org/cookie-signature set size:21777 disposed:false
148 http cache https://registry.npmjs.org/content-disposition 172ms (cache hit)
149 silly packumentCache full:https://registry.npmjs.org/content-disposition set size:45446 disposed:false
150 http cache https://registry.npmjs.org/base64id 147ms (cache hit)
151 silly packumentCache full:https://registry.npmjs.org/base64id set size:6136 disposed:false
152 http cache https://registry.npmjs.org/socket.io-adapter 114ms (cache hit)
153 silly packumentCache full:https://registry.npmjs.org/socket.io-adapter set size:71138 disposed:false
154 http cache https://registry.npmjs.org/engine.io 135ms (cache hit)
155 silly packumentCache full:https://registry.npmjs.org/engine.io set size:396042 disposed:false
156 http cache https://registry.npmjs.org/cors 178ms (cache hit)
157 silly packumentCache full:https://registry.npmjs.org/cors set size:77956 disposed:false
158 http cache https://registry.npmjs.org/socket.io-parser 136ms (cache hit)
159 silly packumentCache full:https://registry.npmjs.org/socket.io-parser set size:130849 disposed:false
160 silly placeDep ROOT accepts@2.0.0 OK for: express@5.2.1 want: ^2.0.0
161 silly placeDep ROOT body-parser@2.3.0 OK for: express@5.2.1 want: ^2.2.1
162 silly placeDep ROOT content-disposition@1.1.0 OK for: express@5.2.1 want: ^1.0.0
163 silly placeDep ROOT content-type@1.0.5 OK for: express@5.2.1 want: ^1.0.5
164 silly placeDep ROOT cookie@0.7.2 OK for: express@5.2.1 want: ^0.7.1
165 silly placeDep ROOT cookie-signature@1.2.2 OK for: express@5.2.1 want: ^1.2.1
166 silly placeDep ROOT debug@4.4.3 OK for: express@5.2.1 want: ^4.4.0
167 silly placeDep ROOT depd@2.0.0 OK for: express@5.2.1 want: ^2.0.0
168 silly placeDep ROOT encodeurl@2.0.0 OK for: express@5.2.1 want: ^2.0.0
169 silly placeDep ROOT escape-html@1.0.3 OK for: express@5.2.1 want: ^1.0.3
170 silly placeDep ROOT etag@1.8.1 OK for: express@5.2.1 want: ^1.8.1
171 silly placeDep ROOT finalhandler@2.1.1 OK for: express@5.2.1 want: ^2.1.0
172 silly placeDep ROOT fresh@2.0.0 OK for: express@5.2.1 want: ^2.0.0
173 silly placeDep ROOT http-errors@2.0.1 OK for: express@5.2.1 want: ^2.0.0
174 silly placeDep ROOT merge-descriptors@2.0.0 OK for: express@5.2.1 want: ^2.0.0
175 silly placeDep ROOT mime-types@3.0.2 OK for: express@5.2.1 want: ^3.0.0
176 silly placeDep ROOT on-finished@2.4.1 OK for: express@5.2.1 want: ^2.4.1
177 silly placeDep ROOT once@1.4.0 OK for: express@5.2.1 want: ^1.4.0
178 silly placeDep ROOT parseurl@1.3.3 OK for: express@5.2.1 want: ^1.3.3
179 silly placeDep ROOT proxy-addr@2.0.7 OK for: express@5.2.1 want: ^2.0.7
180 silly placeDep ROOT qs@6.15.3 OK for: express@5.2.1 want: ^6.14.0
181 silly placeDep ROOT range-parser@1.3.0 OK for: express@5.2.1 want: ^1.2.1
182 silly placeDep ROOT router@2.2.0 OK for: express@5.2.1 want: ^2.2.0
183 silly placeDep ROOT send@1.2.1 OK for: express@5.2.1 want: ^1.1.0
184 silly placeDep ROOT serve-static@2.2.1 OK for: express@5.2.1 want: ^2.2.0
185 silly placeDep ROOT statuses@2.0.2 OK for: express@5.2.1 want: ^2.0.1
186 silly placeDep ROOT type-is@2.1.0 OK for: express@5.2.1 want: ^2.0.1
187 silly placeDep ROOT vary@1.1.2 OK for: express@5.2.1 want: ^1.1.2
188 silly fetch manifest negotiator@^1.0.0
189 silly packumentCache full:https://registry.npmjs.org/negotiator cache-miss
190 silly fetch manifest qs@^6.15.2
191 silly packumentCache full:https://registry.npmjs.org/qs cache-hit
192 silly fetch manifest bytes@^3.1.2
193 silly packumentCache full:https://registry.npmjs.org/bytes cache-miss
194 silly fetch manifest debug@^4.4.3
195 silly packumentCache full:https://registry.npmjs.org/debug cache-hit
196 silly fetch manifest type-is@^2.1.0
197 silly packumentCache full:https://registry.npmjs.org/type-is cache-hit
198 silly fetch manifest raw-body@^3.0.2
199 silly packumentCache full:https://registry.npmjs.org/raw-body cache-miss
200 silly fetch manifest iconv-lite@^0.7.2
201 silly packumentCache full:https://registry.npmjs.org/iconv-lite cache-miss
202 silly fetch manifest http-errors@^2.0.1
203 silly packumentCache full:https://registry.npmjs.org/http-errors cache-hit
204 silly fetch manifest content-type@^2.0.0
205 silly packumentCache full:https://registry.npmjs.org/content-type cache-hit
206 silly fetch manifest ms@^2.1.3
207 silly packumentCache full:https://registry.npmjs.org/ms cache-miss
208 silly fetch manifest inherits@~2.0.4
209 silly packumentCache full:https://registry.npmjs.org/inherits cache-miss
210 silly fetch manifest setprototypeof@~1.2.0
211 silly packumentCache full:https://registry.npmjs.org/setprototypeof cache-miss
212 http cache https://registry.npmjs.org/negotiator 107ms (cache hit)
213 silly packumentCache full:https://registry.npmjs.org/negotiator set size:56148 disposed:false
214 silly fetch manifest statuses@~2.0.2
215 silly packumentCache full:https://registry.npmjs.org/statuses cache-hit
216 silly fetch manifest toidentifier@~1.0.1
217 silly packumentCache full:https://registry.npmjs.org/toidentifier cache-miss
218 http cache https://registry.npmjs.org/bytes 116ms (cache hit)
219 silly packumentCache full:https://registry.npmjs.org/bytes set size:37018 disposed:false
220 silly fetch manifest mime-db@^1.54.0
221 silly packumentCache full:https://registry.npmjs.org/mime-db cache-miss
222 http cache https://registry.npmjs.org/raw-body 118ms (cache hit)
223 silly packumentCache full:https://registry.npmjs.org/raw-body set size:120042 disposed:false
224 silly fetch manifest ee-first@1.1.1
225 silly packumentCache full:https://registry.npmjs.org/ee-first cache-miss
226 http cache https://registry.npmjs.org/inherits 109ms (cache hit)
227 silly packumentCache full:https://registry.npmjs.org/inherits set size:12925 disposed:false
228 silly fetch manifest wrappy@1
229 silly packumentCache full:https://registry.npmjs.org/wrappy cache-miss
230 http cache https://registry.npmjs.org/ms 124ms (cache hit)
231 silly packumentCache full:https://registry.npmjs.org/ms set size:92208 disposed:false
232 silly fetch manifest forwarded@0.2.0
233 silly packumentCache full:https://registry.npmjs.org/forwarded cache-miss
234 http cache https://registry.npmjs.org/setprototypeof 126ms (cache hit)
235 silly packumentCache full:https://registry.npmjs.org/setprototypeof set size:14532 disposed:false
236 silly fetch manifest ipaddr.js@1.9.1
237 silly packumentCache full:https://registry.npmjs.org/ipaddr.js cache-miss
238 http cache https://registry.npmjs.org/iconv-lite 156ms (cache hit)
239 silly packumentCache full:https://registry.npmjs.org/iconv-lite set size:126462 disposed:false
240 silly fetch manifest side-channel@^1.1.1
241 silly packumentCache full:https://registry.npmjs.org/side-channel cache-miss
242 http cache https://registry.npmjs.org/toidentifier 109ms (cache hit)
243 silly packumentCache full:https://registry.npmjs.org/toidentifier set size:12006 disposed:false
244 silly fetch manifest es-define-property@^1.0.1
245 silly packumentCache full:https://registry.npmjs.org/es-define-property cache-miss
246 http cache https://registry.npmjs.org/ee-first 93ms (cache hit)
247 silly packumentCache full:https://registry.npmjs.org/ee-first set size:15327 disposed:false
248 silly fetch manifest is-promise@^4.0.0
249 silly packumentCache full:https://registry.npmjs.org/is-promise cache-miss
250 http cache https://registry.npmjs.org/wrappy 93ms (cache hit)
251 silly packumentCache full:https://registry.npmjs.org/wrappy set size:7682 disposed:false
252 silly fetch manifest path-to-regexp@^8.0.0
253 silly packumentCache full:https://registry.npmjs.org/path-to-regexp cache-miss
254 http cache https://registry.npmjs.org/ipaddr.js 84ms (cache hit)
255 silly packumentCache full:https://registry.npmjs.org/ipaddr.js set size:84329 disposed:false
256 silly fetch manifest statuses@^2.0.2
257 silly packumentCache full:https://registry.npmjs.org/statuses cache-hit
258 silly fetch manifest media-typer@^1.1.0
259 silly packumentCache full:https://registry.npmjs.org/media-typer cache-miss
260 http cache https://registry.npmjs.org/mime-db 148ms (cache hit)
261 silly packumentCache full:https://registry.npmjs.org/mime-db set size:164953 disposed:false
262 http cache https://registry.npmjs.org/forwarded 123ms (cache hit)
263 silly packumentCache full:https://registry.npmjs.org/forwarded set size:11229 disposed:false
264 http cache https://registry.npmjs.org/side-channel 107ms (cache hit)
265 silly packumentCache full:https://registry.npmjs.org/side-channel set size:27650 disposed:false
266 http cache https://registry.npmjs.org/es-define-property 94ms (cache hit)
267 silly packumentCache full:https://registry.npmjs.org/es-define-property set size:8542 disposed:false
268 http cache https://registry.npmjs.org/is-promise 86ms (cache hit)
269 silly packumentCache full:https://registry.npmjs.org/is-promise set size:18599 disposed:false
270 http cache https://registry.npmjs.org/media-typer 63ms (cache hit)
271 silly packumentCache full:https://registry.npmjs.org/media-typer set size:22074 disposed:false
272 http cache https://registry.npmjs.org/path-to-regexp 89ms (cache hit)
273 silly packumentCache full:https://registry.npmjs.org/path-to-regexp set size:216334 disposed:false
274 silly placeDep ROOT negotiator@1.1.0 OK for: accepts@2.0.0 want: ^1.0.0
275 silly fetch manifest content-type@^2.1.0
276 silly packumentCache full:https://registry.npmjs.org/content-type cache-hit
277 silly placeDep ROOT bytes@3.1.2 OK for: body-parser@2.3.0 want: ^3.1.2
278 silly placeDep node_modules/body-parser content-type@2.1.0 OK for: body-parser@2.3.0 want: ^2.0.0
279 silly placeDep ROOT iconv-lite@0.7.3 OK for: body-parser@2.3.0 want: ^0.7.2
280 silly placeDep ROOT raw-body@3.0.2 OK for: body-parser@2.3.0 want: ^3.0.2
281 silly fetch manifest safer-buffer@>= 2.1.2 < 3.0.0
282 silly packumentCache full:https://registry.npmjs.org/safer-buffer cache-miss
283 silly fetch manifest unpipe@~1.0.0
284 silly packumentCache full:https://registry.npmjs.org/unpipe cache-miss
285 http cache https://registry.npmjs.org/unpipe 25ms (cache hit)
286 silly packumentCache full:https://registry.npmjs.org/unpipe set size:3609 disposed:false
287 http cache https://registry.npmjs.org/safer-buffer 32ms (cache hit)
288 silly packumentCache full:https://registry.npmjs.org/safer-buffer set size:18521 disposed:false
289 silly placeDep ROOT ms@2.1.3 OK for: debug@4.4.3 want: ^2.1.3
290 silly placeDep ROOT inherits@2.0.4 OK for: http-errors@2.0.1 want: ~2.0.4
291 silly placeDep ROOT setprototypeof@1.2.0 OK for: http-errors@2.0.1 want: ~1.2.0
292 silly placeDep ROOT toidentifier@1.0.1 OK for: http-errors@2.0.1 want: ~1.0.1
293 silly placeDep ROOT safer-buffer@2.1.2 OK for: iconv-lite@0.7.3 want: >= 2.1.2 < 3.0.0
294 silly placeDep ROOT mime-db@1.54.0 OK for: mime-types@3.0.2 want: ^1.54.0
295 silly placeDep node_modules/negotiator content-type@2.1.0 OK for: negotiator@1.1.0 want: ^2.1.0
296 silly placeDep ROOT ee-first@1.1.1 OK for: on-finished@2.4.1 want: 1.1.1
297 silly placeDep ROOT wrappy@1.0.2 OK for: once@1.4.0 want: 1
298 silly placeDep ROOT forwarded@0.2.0 OK for: proxy-addr@2.0.7 want: 0.2.0
299 silly placeDep ROOT ipaddr.js@1.9.1 OK for: proxy-addr@2.0.7 want: 1.9.1
300 silly placeDep ROOT es-define-property@1.0.1 OK for: qs@6.15.3 want: ^1.0.1
301 silly placeDep ROOT side-channel@1.1.1 OK for: qs@6.15.3 want: ^1.1.1
302 silly fetch manifest es-errors@^1.3.0
303 silly packumentCache full:https://registry.npmjs.org/es-errors cache-miss
304 silly fetch manifest object-inspect@^1.13.4
305 silly packumentCache full:https://registry.npmjs.org/object-inspect cache-miss
306 silly fetch manifest side-channel-list@^1.0.1
307 silly packumentCache full:https://registry.npmjs.org/side-channel-list cache-miss
308 silly fetch manifest side-channel-map@^1.0.1
309 silly packumentCache full:https://registry.npmjs.org/side-channel-map cache-miss
310 silly fetch manifest side-channel-weakmap@^1.0.2
311 silly packumentCache full:https://registry.npmjs.org/side-channel-weakmap cache-miss
312 http cache https://registry.npmjs.org/side-channel-list 62ms (cache hit)
313 silly packumentCache full:https://registry.npmjs.org/side-channel-list set size:9021 disposed:false
314 http cache https://registry.npmjs.org/es-errors 72ms (cache hit)
315 silly packumentCache full:https://registry.npmjs.org/es-errors set size:16918 disposed:false
316 http cache https://registry.npmjs.org/side-channel-weakmap 67ms (cache hit)
317 silly packumentCache full:https://registry.npmjs.org/side-channel-weakmap set size:12620 disposed:false
318 http cache https://registry.npmjs.org/side-channel-map 76ms (cache hit)
319 silly packumentCache full:https://registry.npmjs.org/side-channel-map set size:9126 disposed:false
320 http cache https://registry.npmjs.org/object-inspect 86ms (cache hit)
321 silly packumentCache full:https://registry.npmjs.org/object-inspect set size:101927 disposed:false
322 silly placeDep ROOT unpipe@1.0.0 OK for: raw-body@3.0.2 want: ~1.0.0
323 silly placeDep ROOT is-promise@4.0.0 OK for: router@2.2.0 want: ^4.0.0
324 silly placeDep ROOT path-to-regexp@8.4.2 OK for: router@2.2.0 want: ^8.0.0
325 silly placeDep ROOT es-errors@1.3.0 OK for: side-channel@1.1.1 want: ^1.3.0
326 silly placeDep ROOT object-inspect@1.13.4 OK for: side-channel@1.1.1 want: ^1.13.4
327 silly placeDep ROOT side-channel-list@1.0.1 OK for: side-channel@1.1.1 want: ^1.0.1
328 silly placeDep ROOT side-channel-map@1.0.1 OK for: side-channel@1.1.1 want: ^1.0.1
329 silly placeDep ROOT side-channel-weakmap@1.0.2 OK for: side-channel@1.1.1 want: ^1.0.2
330 silly fetch manifest call-bound@^1.0.2
331 silly packumentCache full:https://registry.npmjs.org/call-bound cache-miss
332 silly fetch manifest get-intrinsic@^1.2.5
333 silly packumentCache full:https://registry.npmjs.org/get-intrinsic cache-miss
334 silly fetch manifest call-bound@^1.0.2
335 silly packumentCache full:https://registry.npmjs.org/call-bound cache-miss
336 silly fetch manifest get-intrinsic@^1.2.5
337 silly packumentCache full:https://registry.npmjs.org/get-intrinsic cache-miss
338 http cache https://registry.npmjs.org/get-intrinsic 40ms (cache hit)
339 silly packumentCache full:https://registry.npmjs.org/get-intrinsic set size:60985 disposed:false
340 http cache https://registry.npmjs.org/get-intrinsic 44ms (cache hit)
341 silly packumentCache full:https://registry.npmjs.org/get-intrinsic set size:60985 disposed:false
342 silly packumentCache full:https://registry.npmjs.org/get-intrinsic dispose
343 http cache https://registry.npmjs.org/call-bound 52ms (cache hit)
344 silly packumentCache full:https://registry.npmjs.org/call-bound set size:15317 disposed:false
345 http cache https://registry.npmjs.org/call-bound 61ms (cache hit)
346 silly packumentCache full:https://registry.npmjs.org/call-bound set size:15317 disposed:false
347 silly packumentCache full:https://registry.npmjs.org/call-bound dispose
348 silly placeDep ROOT call-bound@1.0.4 OK for: side-channel-map@1.0.1 want: ^1.0.2
349 silly placeDep ROOT get-intrinsic@1.3.0 OK for: side-channel-map@1.0.1 want: ^1.2.5
350 silly fetch manifest call-bind-apply-helpers@^1.0.2
351 silly packumentCache full:https://registry.npmjs.org/call-bind-apply-helpers cache-miss
352 silly fetch manifest get-intrinsic@^1.3.0
353 silly packumentCache full:https://registry.npmjs.org/get-intrinsic cache-hit
354 silly fetch manifest gopd@^1.2.0
355 silly packumentCache full:https://registry.npmjs.org/gopd cache-miss
356 silly fetch manifest hasown@^2.0.2
357 silly packumentCache full:https://registry.npmjs.org/hasown cache-miss
358 silly fetch manifest get-proto@^1.0.1
359 silly packumentCache full:https://registry.npmjs.org/get-proto cache-miss
360 silly fetch manifest has-symbols@^1.1.0
361 silly packumentCache full:https://registry.npmjs.org/has-symbols cache-miss
362 silly fetch manifest function-bind@^1.1.2
363 silly packumentCache full:https://registry.npmjs.org/function-bind cache-miss
364 silly fetch manifest es-object-atoms@^1.1.1
365 silly packumentCache full:https://registry.npmjs.org/es-object-atoms cache-miss
366 http cache https://registry.npmjs.org/call-bind-apply-helpers 82ms (cache hit)
367 silly packumentCache full:https://registry.npmjs.org/call-bind-apply-helpers set size:12744 disposed:false
368 silly fetch manifest math-intrinsics@^1.1.0
369 silly packumentCache full:https://registry.npmjs.org/math-intrinsics cache-miss
370 http cache https://registry.npmjs.org/hasown 78ms (cache hit)
371 silly packumentCache full:https://registry.npmjs.org/hasown set size:18361 disposed:false
372 http cache https://registry.npmjs.org/get-proto 83ms (cache hit)
373 silly packumentCache full:https://registry.npmjs.org/get-proto set size:8300 disposed:false
374 http cache https://registry.npmjs.org/has-symbols 85ms (cache hit)
375 silly packumentCache full:https://registry.npmjs.org/has-symbols set size:21550 disposed:false
376 http cache https://registry.npmjs.org/gopd 96ms (cache hit)
377 silly packumentCache full:https://registry.npmjs.org/gopd set size:11483 disposed:false
378 http cache https://registry.npmjs.org/es-object-atoms 72ms (cache hit)
379 silly packumentCache full:https://registry.npmjs.org/es-object-atoms set size:18278 disposed:false
380 http cache https://registry.npmjs.org/function-bind 97ms (cache hit)
381 silly packumentCache full:https://registry.npmjs.org/function-bind set size:15733 disposed:false
382 http cache https://registry.npmjs.org/math-intrinsics 43ms (cache hit)
383 silly packumentCache full:https://registry.npmjs.org/math-intrinsics set size:9265 disposed:false
384 silly placeDep ROOT call-bind-apply-helpers@1.0.2 OK for: call-bound@1.0.4 want: ^1.0.2
385 silly placeDep ROOT function-bind@1.1.2 OK for: call-bind-apply-helpers@1.0.2 want: ^1.1.2
386 silly placeDep ROOT es-object-atoms@1.1.2 OK for: get-intrinsic@1.3.0 want: ^1.1.1
387 silly placeDep ROOT get-proto@1.0.1 OK for: get-intrinsic@1.3.0 want: ^1.0.1
388 silly placeDep ROOT gopd@1.2.0 OK for: get-intrinsic@1.3.0 want: ^1.2.0
389 silly placeDep ROOT has-symbols@1.1.0 OK for: get-intrinsic@1.3.0 want: ^1.1.0
390 silly placeDep ROOT hasown@2.0.4 OK for: get-intrinsic@1.3.0 want: ^2.0.2
391 silly placeDep ROOT math-intrinsics@1.1.0 OK for: get-intrinsic@1.3.0 want: ^1.1.0
392 silly fetch manifest dunder-proto@^1.0.1
393 silly packumentCache full:https://registry.npmjs.org/dunder-proto cache-miss
394 http cache https://registry.npmjs.org/dunder-proto 36ms (cache hit)
395 silly packumentCache full:https://registry.npmjs.org/dunder-proto set size:8256 disposed:false
396 silly placeDep ROOT dunder-proto@1.0.1 OK for: get-proto@1.0.1 want: ^1.0.1
397 silly placeDep node_modules/socket.io accepts@1.3.8 OK for: socket.io@4.8.3 want: ~1.3.4
398 silly placeDep ROOT base64id@2.0.0 OK for: socket.io@4.8.3 want: ~2.0.0
399 silly placeDep ROOT cors@2.8.6 OK for: socket.io@4.8.3 want: ~2.8.5
400 silly placeDep ROOT engine.io@6.6.9 OK for: socket.io@4.8.3 want: ~6.6.0
401 silly placeDep ROOT socket.io-adapter@2.5.8 OK for: socket.io@4.8.3 want: ~2.5.2
402 silly placeDep ROOT socket.io-parser@4.2.7 OK for: socket.io@4.8.3 want: ~4.2.4
403 silly fetch manifest mime-types@~2.1.34
404 silly packumentCache full:https://registry.npmjs.org/mime-types cache-hit
405 silly fetch manifest negotiator@0.6.3
406 silly packumentCache full:https://registry.npmjs.org/negotiator cache-hit
407 silly fetch manifest object-assign@^4
408 silly packumentCache full:https://registry.npmjs.org/object-assign cache-miss
409 silly fetch manifest ws@~8.21.0
410 silly packumentCache full:https://registry.npmjs.org/ws cache-miss
411 silly fetch manifest @types/ws@^8.5.12
412 silly packumentCache full:https://registry.npmjs.org/@types%2fws cache-miss
413 silly fetch manifest @types/cors@^2.8.12
414 silly packumentCache full:https://registry.npmjs.org/@types%2fcors cache-miss
415 silly fetch manifest @types/node@>=10.0.0
416 silly packumentCache full:https://registry.npmjs.org/@types%2fnode cache-miss
417 silly fetch manifest engine.io-parser@~5.2.1
418 silly packumentCache full:https://registry.npmjs.org/engine.io-parser cache-miss
419 silly fetch manifest ws@~8.21.0
420 silly packumentCache full:https://registry.npmjs.org/ws cache-miss
421 http cache https://registry.npmjs.org/object-assign 117ms (cache hit)
422 silly packumentCache full:https://registry.npmjs.org/object-assign set size:28988 disposed:false
423 silly fetch manifest @socket.io/component-emitter@~3.1.0
424 silly packumentCache full:https://registry.npmjs.org/@socket.io%2fcomponent-emitter cache-miss
425 http cache https://registry.npmjs.org/@types%2fws 118ms (cache hit)
426 silly packumentCache full:https://registry.npmjs.org/@types%2fws set size:167959 disposed:false
427 http cache https://registry.npmjs.org/ws 125ms (cache hit)
428 silly packumentCache full:https://registry.npmjs.org/ws set size:447661 disposed:false
429 http cache https://registry.npmjs.org/ws 223ms (cache hit)
430 silly packumentCache full:https://registry.npmjs.org/ws set size:447661 disposed:false
431 silly packumentCache full:https://registry.npmjs.org/ws dispose
432 http cache https://registry.npmjs.org/@types%2fcors 240ms (cache hit)
433 silly packumentCache full:https://registry.npmjs.org/@types%2fcors set size:56991 disposed:false
434 http cache https://registry.npmjs.org/engine.io-parser 234ms (cache hit)
435 silly packumentCache full:https://registry.npmjs.org/engine.io-parser set size:116455 disposed:false
436 http cache https://registry.npmjs.org/@socket.io%2fcomponent-emitter 169ms (cache hit)
437 silly packumentCache full:https://registry.npmjs.org/@socket.io%2fcomponent-emitter set size:14099 disposed:false
438 http cache https://registry.npmjs.org/@types%2fnode 381ms (cache hit)
439 silly packumentCache full:https://registry.npmjs.org/@types%2fnode set size:11092436 disposed:false
440 silly placeDep ROOT object-assign@4.1.1 OK for: cors@2.8.6 want: ^4
441 silly fetch manifest bufferutil@^4.0.1
442 silly packumentCache full:https://registry.npmjs.org/bufferutil cache-miss
443 http cache https://registry.npmjs.org/bufferutil 104ms (cache hit)
444 silly packumentCache full:https://registry.npmjs.org/bufferutil set size:52668 disposed:false
445 silly fetch manifest utf-8-validate@>=5.0.2
446 silly packumentCache full:https://registry.npmjs.org/utf-8-validate cache-miss
447 http cache https://registry.npmjs.org/utf-8-validate 45ms (cache hit)
448 silly packumentCache full:https://registry.npmjs.org/utf-8-validate set size:77012 disposed:false
449 silly placeDep ROOT @types/cors@2.8.19 OK for: engine.io@6.6.9 want: ^2.8.12
450 silly placeDep ROOT @types/node@26.3.0 OK for: engine.io@6.6.9 want: >=10.0.0
451 silly placeDep ROOT @types/ws@8.18.1 OK for: engine.io@6.6.9 want: ^8.5.12
452 silly placeDep node_modules/engine.io accepts@1.3.8 OK for: engine.io@6.6.9 want: ~1.3.4
453 silly placeDep ROOT engine.io-parser@5.2.3 OK for: engine.io@6.6.9 want: ~5.2.1
454 silly placeDep ROOT ws@8.21.3 OK for: engine.io@6.6.9 want: ~8.21.0
455 silly fetch manifest @types/node@*
456 silly packumentCache full:https://registry.npmjs.org/@types%2fnode cache-miss
457 silly fetch manifest undici-types@~8.3.0
458 silly packumentCache full:https://registry.npmjs.org/undici-types cache-miss
459 http cache https://registry.npmjs.org/@types%2fnode 114ms (cache hit)
460 silly packumentCache full:https://registry.npmjs.org/@types%2fnode set size:11092436 disposed:false
461 http cache https://registry.npmjs.org/undici-types 1132ms (cache hit)
462 silly packumentCache full:https://registry.npmjs.org/undici-types set size:250438 disposed:false
463 silly placeDep ROOT undici-types@8.3.0 OK for: @types/node@26.3.0 want: ~8.3.0
464 silly placeDep ROOT @socket.io/component-emitter@3.1.2 OK for: socket.io-parser@4.2.7 want: ~3.1.0
465 silly placeDep node_modules/type-is content-type@2.1.0 OK for: type-is@2.1.0 want: ^2.0.0
466 silly placeDep ROOT media-typer@1.1.1 OK for: type-is@2.1.0 want: ^1.1.0
467 silly placeDep node_modules/engine.io mime-types@2.1.35 OK for: accepts@1.3.8 want: ~2.1.34
468 silly placeDep node_modules/engine.io negotiator@0.6.3 OK for: accepts@1.3.8 want: 0.6.3
469 silly fetch manifest mime-db@1.52.0
470 silly packumentCache full:https://registry.npmjs.org/mime-db cache-hit
471 silly placeDep node_modules/engine.io mime-db@1.52.0 OK for: mime-types@2.1.35 want: 1.52.0
472 silly placeDep node_modules/socket.io mime-types@2.1.35 OK for: accepts@1.3.8 want: ~2.1.34
473 silly placeDep node_modules/socket.io negotiator@0.6.3 OK for: accepts@1.3.8 want: 0.6.3
474 silly placeDep node_modules/socket.io mime-db@1.52.0 OK for: mime-types@2.1.35 want: 1.52.0
475 silly reify moves {}
476 silly audit bulk request {
476 silly audit   express: [ '5.2.1' ],
476 silly audit   'socket.io': [ '4.8.3' ],
476 silly audit   accepts: [ '2.0.0', '1.3.8' ],
476 silly audit   'body-parser': [ '2.3.0' ],
476 silly audit   'content-disposition': [ '1.1.0' ],
476 silly audit   'content-type': [ '1.0.5', '2.1.0' ],
476 silly audit   cookie: [ '0.7.2' ],
476 silly audit   'cookie-signature': [ '1.2.2' ],
476 silly audit   debug: [ '4.4.3' ],
476 silly audit   depd: [ '2.0.0' ],
476 silly audit   encodeurl: [ '2.0.0' ],
476 silly audit   'escape-html': [ '1.0.3' ],
476 silly audit   etag: [ '1.8.1' ],
476 silly audit   finalhandler: [ '2.1.1' ],
476 silly audit   fresh: [ '2.0.0' ],
476 silly audit   'http-errors': [ '2.0.1' ],
476 silly audit   'merge-descriptors': [ '2.0.0' ],
476 silly audit   'mime-types': [ '3.0.2', '2.1.35' ],
476 silly audit   'on-finished': [ '2.4.1' ],
476 silly audit   once: [ '1.4.0' ],
476 silly audit   parseurl: [ '1.3.3' ],
476 silly audit   'proxy-addr': [ '2.0.7' ],
476 silly audit   qs: [ '6.15.3' ],
476 silly audit   'range-parser': [ '1.3.0' ],
476 silly audit   router: [ '2.2.0' ],
476 silly audit   send: [ '1.2.1' ],
476 silly audit   'serve-static': [ '2.2.1' ],
476 silly audit   statuses: [ '2.0.2' ],
476 silly audit   'type-is': [ '2.1.0' ],
476 silly audit   vary: [ '1.1.2' ],
476 silly audit   negotiator: [ '1.1.0', '0.6.3' ],
476 silly audit   bytes: [ '3.1.2' ],
476 silly audit   'iconv-lite': [ '0.7.3' ],
476 silly audit   'raw-body': [ '3.0.2' ],
476 silly audit   ms: [ '2.1.3' ],
476 silly audit   inherits: [ '2.0.4' ],
476 silly audit   setprototypeof: [ '1.2.0' ],
476 silly audit   toidentifier: [ '1.0.1' ],
476 silly audit   'safer-buffer': [ '2.1.2' ],
476 silly audit   'mime-db': [ '1.54.0', '1.52.0' ],
476 silly audit   'ee-first': [ '1.1.1' ],
476 silly audit   wrappy: [ '1.0.2' ],
476 silly audit   forwarded: [ '0.2.0' ],
476 silly audit   'ipaddr.js': [ '1.9.1' ],
476 silly audit   'es-define-property': [ '1.0.1' ],
476 silly audit   'side-channel': [ '1.1.1' ],
476 silly audit   unpipe: [ '1.0.0' ],
476 silly audit   'is-promise': [ '4.0.0' ],
476 silly audit   'path-to-regexp': [ '8.4.2' ],
476 silly audit   'es-errors': [ '1.3.0' ],
476 silly audit   'object-inspect': [ '1.13.4' ],
476 silly audit   'side-channel-list': [ '1.0.1' ],
476 silly audit   'side-channel-map': [ '1.0.1' ],
476 silly audit   'side-channel-weakmap': [ '1.0.2' ],
476 silly audit   'call-bound': [ '1.0.4' ],
476 silly audit   'get-intrinsic': [ '1.3.0' ],
476 silly audit   'call-bind-apply-helpers': [ '1.0.2' ],
476 silly audit   'function-bind': [ '1.1.2' ],
476 silly audit   'es-object-atoms': [ '1.1.2' ],
476 silly audit   'get-proto': [ '1.0.1' ],
476 silly audit   gopd: [ '1.2.0' ],
476 silly audit   'has-symbols': [ '1.1.0' ],
476 silly audit   hasown: [ '2.0.4' ],
476 silly audit   'math-intrinsics': [ '1.1.0' ],
476 silly audit   'dunder-proto': [ '1.0.1' ],
476 silly audit   base64id: [ '2.0.0' ],
476 silly audit   cors: [ '2.8.6' ],
476 silly audit   'engine.io': [ '6.6.9' ],
476 silly audit   'socket.io-adapter': [ '2.5.8' ],
476 silly audit   'socket.io-parser': [ '4.2.7' ],
476 silly audit   'object-assign': [ '4.1.1' ],
476 silly audit   '@types/cors': [ '2.8.19' ],
476 silly audit   '@types/node': [ '26.3.0' ],
476 silly audit   '@types/ws': [ '8.18.1' ],
476 silly audit   'engine.io-parser': [ '5.2.3' ],
476 silly audit   ws: [ '8.21.3' ],
476 silly audit   'undici-types': [ '8.3.0' ],
476 silly audit   '@socket.io/component-emitter': [ '3.1.2' ],
476 silly audit   'media-typer': [ '1.1.1' ]
476 silly audit }
477 http cache @socket.io/component-emitter@https://registry.npmjs.org/@socket.io/component-emitter/-/component-emitter-3.1.2.tgz 0ms (cache hit)
478 http cache media-typer@https://registry.npmjs.org/media-typer/-/media-typer-1.1.1.tgz 0ms (cache hit)
479 http cache ws@https://registry.npmjs.org/ws/-/ws-8.21.3.tgz 0ms (cache hit)
480 http cache engine.io-parser@https://registry.npmjs.org/engine.io-parser/-/engine.io-parser-5.2.3.tgz 0ms (cache hit)
481 http cache undici-types@https://registry.npmjs.org/undici-types/-/undici-types-8.3.0.tgz 0ms (cache hit)
482 http cache @types/ws@https://registry.npmjs.org/@types/ws/-/ws-8.18.1.tgz 0ms (cache hit)
483 http cache @types/node@https://registry.npmjs.org/@types/node/-/node-26.3.0.tgz 0ms (cache hit)
484 http cache @types/cors@https://registry.npmjs.org/@types/cors/-/cors-2.8.19.tgz 1ms (cache hit)
485 http cache object-assign@https://registry.npmjs.org/object-assign/-/object-assign-4.1.1.tgz 0ms (cache hit)
486 http cache socket.io-parser@https://registry.npmjs.org/socket.io-parser/-/socket.io-parser-4.2.7.tgz 1ms (cache hit)
487 http cache socket.io-adapter@https://registry.npmjs.org/socket.io-adapter/-/socket.io-adapter-2.5.8.tgz 0ms (cache hit)
488 http cache engine.io@https://registry.npmjs.org/engine.io/-/engine.io-6.6.9.tgz 0ms (cache hit)
489 http cache cors@https://registry.npmjs.org/cors/-/cors-2.8.6.tgz 1ms (cache hit)
490 http cache base64id@https://registry.npmjs.org/base64id/-/base64id-2.0.0.tgz 0ms (cache hit)
491 http cache dunder-proto@https://registry.npmjs.org/dunder-proto/-/dunder-proto-1.0.1.tgz 0ms (cache hit)
492 http cache math-intrinsics@https://registry.npmjs.org/math-intrinsics/-/math-intrinsics-1.1.0.tgz 0ms (cache hit)
493 http cache hasown@https://registry.npmjs.org/hasown/-/hasown-2.0.4.tgz 0ms (cache hit)
494 http cache has-symbols@https://registry.npmjs.org/has-symbols/-/has-symbols-1.1.0.tgz 0ms (cache hit)
495 http cache gopd@https://registry.npmjs.org/gopd/-/gopd-1.2.0.tgz 0ms (cache hit)
496 http cache get-proto@https://registry.npmjs.org/get-proto/-/get-proto-1.0.1.tgz 0ms (cache hit)
497 http cache function-bind@https://registry.npmjs.org/function-bind/-/function-bind-1.1.2.tgz 0ms (cache hit)
498 http cache es-object-atoms@https://registry.npmjs.org/es-object-atoms/-/es-object-atoms-1.1.2.tgz 0ms (cache hit)
499 http cache call-bind-apply-helpers@https://registry.npmjs.org/call-bind-apply-helpers/-/call-bind-apply-helpers-1.0.2.tgz 0ms (cache hit)
500 http cache get-intrinsic@https://registry.npmjs.org/get-intrinsic/-/get-intrinsic-1.3.0.tgz 0ms (cache hit)
501 http cache call-bound@https://registry.npmjs.org/call-bound/-/call-bound-1.0.4.tgz 0ms (cache hit)
502 http cache side-channel-weakmap@https://registry.npmjs.org/side-channel-weakmap/-/side-channel-weakmap-1.0.2.tgz 0ms (cache hit)
503 http cache side-channel-map@https://registry.npmjs.org/side-channel-map/-/side-channel-map-1.0.1.tgz 0ms (cache hit)
504 http cache side-channel-list@https://registry.npmjs.org/side-channel-list/-/side-channel-list-1.0.1.tgz 0ms (cache hit)
505 http cache object-inspect@https://registry.npmjs.org/object-inspect/-/object-inspect-1.13.4.tgz 1ms (cache hit)
506 http cache es-errors@https://registry.npmjs.org/es-errors/-/es-errors-1.3.0.tgz 0ms (cache hit)
507 http cache path-to-regexp@https://registry.npmjs.org/path-to-regexp/-/path-to-regexp-8.4.2.tgz 0ms (cache hit)
508 http cache is-promise@https://registry.npmjs.org/is-promise/-/is-promise-4.0.0.tgz 0ms (cache hit)
509 http cache unpipe@https://registry.npmjs.org/unpipe/-/unpipe-1.0.0.tgz 0ms (cache hit)
510 http cache side-channel@https://registry.npmjs.org/side-channel/-/side-channel-1.1.1.tgz 0ms (cache hit)
511 http cache es-define-property@https://registry.npmjs.org/es-define-property/-/es-define-property-1.0.1.tgz 0ms (cache hit)
512 http cache ipaddr.js@https://registry.npmjs.org/ipaddr.js/-/ipaddr.js-1.9.1.tgz 1ms (cache hit)
513 http cache forwarded@https://registry.npmjs.org/forwarded/-/forwarded-0.2.0.tgz 0ms (cache hit)
514 http cache ee-first@https://registry.npmjs.org/ee-first/-/ee-first-1.1.1.tgz 0ms (cache hit)
515 http cache wrappy@https://registry.npmjs.org/wrappy/-/wrappy-1.0.2.tgz 0ms (cache hit)
516 http cache safer-buffer@https://registry.npmjs.org/safer-buffer/-/safer-buffer-2.1.2.tgz 0ms (cache hit)
517 http cache toidentifier@https://registry.npmjs.org/toidentifier/-/toidentifier-1.0.1.tgz 0ms (cache hit)
518 http cache setprototypeof@https://registry.npmjs.org/setprototypeof/-/setprototypeof-1.2.0.tgz 0ms (cache hit)
519 http cache inherits@https://registry.npmjs.org/inherits/-/inherits-2.0.4.tgz 0ms (cache hit)
520 http cache ms@https://registry.npmjs.org/ms/-/ms-2.1.3.tgz 0ms (cache hit)
521 http cache raw-body@https://registry.npmjs.org/raw-body/-/raw-body-3.0.2.tgz 0ms (cache hit)
522 http cache iconv-lite@https://registry.npmjs.org/iconv-lite/-/iconv-lite-0.7.3.tgz 1ms (cache hit)
523 http cache bytes@https://registry.npmjs.org/bytes/-/bytes-3.1.2.tgz 0ms (cache hit)
524 http cache mime-db@https://registry.npmjs.org/mime-db/-/mime-db-1.54.0.tgz 0ms (cache hit)
525 http cache negotiator@https://registry.npmjs.org/negotiator/-/negotiator-1.1.0.tgz 0ms (cache hit)
526 http cache vary@https://registry.npmjs.org/vary/-/vary-1.1.2.tgz 0ms (cache hit)
527 http cache type-is@https://registry.npmjs.org/type-is/-/type-is-2.1.0.tgz 0ms (cache hit)
528 http cache statuses@https://registry.npmjs.org/statuses/-/statuses-2.0.2.tgz 0ms (cache hit)
529 http cache serve-static@https://registry.npmjs.org/serve-static/-/serve-static-2.2.1.tgz 0ms (cache hit)
530 http cache send@https://registry.npmjs.org/send/-/send-1.2.1.tgz 0ms (cache hit)
531 http cache router@https://registry.npmjs.org/router/-/router-2.2.0.tgz 0ms (cache hit)
532 http cache range-parser@https://registry.npmjs.org/range-parser/-/range-parser-1.3.0.tgz 0ms (cache hit)
533 http cache qs@https://registry.npmjs.org/qs/-/qs-6.15.3.tgz 0ms (cache hit)
534 http cache proxy-addr@https://registry.npmjs.org/proxy-addr/-/proxy-addr-2.0.7.tgz 0ms (cache hit)
535 http cache parseurl@https://registry.npmjs.org/parseurl/-/parseurl-1.3.3.tgz 1ms (cache hit)
536 http cache once@https://registry.npmjs.org/once/-/once-1.4.0.tgz 0ms (cache hit)
537 http cache on-finished@https://registry.npmjs.org/on-finished/-/on-finished-2.4.1.tgz 0ms (cache hit)
538 http cache mime-types@https://registry.npmjs.org/mime-types/-/mime-types-3.0.2.tgz 0ms (cache hit)
539 http cache merge-descriptors@https://registry.npmjs.org/merge-descriptors/-/merge-descriptors-2.0.0.tgz 0ms (cache hit)
540 http cache http-errors@https://registry.npmjs.org/http-errors/-/http-errors-2.0.1.tgz 0ms (cache hit)
541 http cache fresh@https://registry.npmjs.org/fresh/-/fresh-2.0.0.tgz 0ms (cache hit)
542 http cache finalhandler@https://registry.npmjs.org/finalhandler/-/finalhandler-2.1.1.tgz 0ms (cache hit)
543 http cache etag@https://registry.npmjs.org/etag/-/etag-1.8.1.tgz 0ms (cache hit)
544 http cache escape-html@https://registry.npmjs.org/escape-html/-/escape-html-1.0.3.tgz 0ms (cache hit)
545 http cache encodeurl@https://registry.npmjs.org/encodeurl/-/encodeurl-2.0.0.tgz 1ms (cache hit)
546 http cache depd@https://registry.npmjs.org/depd/-/depd-2.0.0.tgz 0ms (cache hit)
547 http cache debug@https://registry.npmjs.org/debug/-/debug-4.4.3.tgz 0ms (cache hit)
548 http cache cookie-signature@https://registry.npmjs.org/cookie-signature/-/cookie-signature-1.2.2.tgz 0ms (cache hit)
549 http cache cookie@https://registry.npmjs.org/cookie/-/cookie-0.7.2.tgz 0ms (cache hit)
550 http cache content-type@https://registry.npmjs.org/content-type/-/content-type-1.0.5.tgz 0ms (cache hit)
551 http cache content-disposition@https://registry.npmjs.org/content-disposition/-/content-disposition-1.1.0.tgz 0ms (cache hit)
552 http cache body-parser@https://registry.npmjs.org/body-parser/-/body-parser-2.3.0.tgz 0ms (cache hit)
553 http cache accepts@https://registry.npmjs.org/accepts/-/accepts-2.0.0.tgz 0ms (cache hit)
554 http cache socket.io@https://registry.npmjs.org/socket.io/-/socket.io-4.8.3.tgz 0ms (cache hit)
555 http cache express@https://registry.npmjs.org/express/-/express-5.2.1.tgz 0ms (cache hit)
556 http cache mime-db@https://registry.npmjs.org/mime-db/-/mime-db-1.52.0.tgz 0ms (cache hit)
557 http cache negotiator@https://registry.npmjs.org/negotiator/-/negotiator-0.6.3.tgz 0ms (cache hit)
558 http cache accepts@https://registry.npmjs.org/accepts/-/accepts-1.3.8.tgz 0ms (cache hit)
559 http cache content-type@https://registry.npmjs.org/content-type/-/content-type-2.1.0.tgz 0ms (cache hit)
560 http cache content-type@https://registry.npmjs.org/content-type/-/content-type-2.1.0.tgz 1ms (cache hit)
561 http cache content-type@https://registry.npmjs.org/content-type/-/content-type-2.1.0.tgz 0ms (cache hit)
562 http cache mime-db@https://registry.npmjs.org/mime-db/-/mime-db-1.52.0.tgz 0ms (cache hit)
563 http cache negotiator@https://registry.npmjs.org/negotiator/-/negotiator-0.6.3.tgz 1ms (cache hit)
564 http cache mime-types@https://registry.npmjs.org/mime-types/-/mime-types-2.1.35.tgz 0ms (cache hit)
565 http cache accepts@https://registry.npmjs.org/accepts/-/accepts-1.3.8.tgz 0ms (cache hit)
566 http cache mime-types@https://registry.npmjs.org/mime-types/-/mime-types-2.1.35.tgz 0ms (cache hit)
567 silly tarball no local data for @types/node@https://registry.npmjs.org/@types/node/-/node-26.3.0.tgz. Extracting by manifest.
568 http fetch POST 200 https://registry.npmjs.org/-/npm/v1/security/advisories/bulk 4870ms
569 silly audit report {}
570 http fetch GET 200 https://registry.npmjs.org/@types/node/-/node-26.3.0.tgz 44229ms (cache miss)
571 silly ADD node_modules/media-typer
572 silly ADD node_modules/@socket.io/component-emitter
573 silly ADD node_modules/undici-types
574 silly ADD node_modules/ws
575 silly ADD node_modules/engine.io-parser
576 silly ADD node_modules/@types/ws
577 silly ADD node_modules/@types/node
578 silly ADD node_modules/@types/cors
579 silly ADD node_modules/object-assign
580 silly ADD node_modules/socket.io-parser
581 silly ADD node_modules/socket.io-adapter
582 silly ADD node_modules/engine.io
583 silly ADD node_modules/engine.io/node_modules/mime-db
584 silly ADD node_modules/engine.io/node_modules/negotiator
585 silly ADD node_modules/engine.io/node_modules/mime-types
586 silly ADD node_modules/engine.io/node_modules/accepts
587 silly ADD node_modules/cors
588 silly ADD node_modules/base64id
589 silly ADD node_modules/dunder-proto
590 silly ADD node_modules/math-intrinsics
591 silly ADD node_modules/hasown
592 silly ADD node_modules/has-symbols
593 silly ADD node_modules/gopd
594 silly ADD node_modules/get-proto
595 silly ADD node_modules/es-object-atoms
596 silly ADD node_modules/function-bind
597 silly ADD node_modules/call-bind-apply-helpers
598 silly ADD node_modules/get-intrinsic
599 silly ADD node_modules/call-bound
600 silly ADD node_modules/side-channel-weakmap
601 silly ADD node_modules/side-channel-map
602 silly ADD node_modules/side-channel-list
603 silly ADD node_modules/object-inspect
604 silly ADD node_modules/es-errors
605 silly ADD node_modules/path-to-regexp
606 silly ADD node_modules/is-promise
607 silly ADD node_modules/unpipe
608 silly ADD node_modules/side-channel
609 silly ADD node_modules/es-define-property
610 silly ADD node_modules/ipaddr.js
611 silly ADD node_modules/forwarded
612 silly ADD node_modules/wrappy
613 silly ADD node_modules/ee-first
614 silly ADD node_modules/mime-db
615 silly ADD node_modules/safer-buffer
616 silly ADD node_modules/toidentifier
617 silly ADD node_modules/setprototypeof
618 silly ADD node_modules/inherits
619 silly ADD node_modules/ms
620 silly ADD node_modules/raw-body
621 silly ADD node_modules/iconv-lite
622 silly ADD node_modules/bytes
623 silly ADD node_modules/negotiator
624 silly ADD node_modules/negotiator/node_modules/content-type
625 silly ADD node_modules/vary
626 silly ADD node_modules/type-is
627 silly ADD node_modules/type-is/node_modules/content-type
628 silly ADD node_modules/statuses
629 silly ADD node_modules/serve-static
630 silly ADD node_modules/send
631 silly ADD node_modules/router
632 silly ADD node_modules/range-parser
633 silly ADD node_modules/qs
634 silly ADD node_modules/proxy-addr
635 silly ADD node_modules/parseurl
636 silly ADD node_modules/once
637 silly ADD node_modules/on-finished
638 silly ADD node_modules/mime-types
639 silly ADD node_modules/merge-descriptors
640 silly ADD node_modules/http-errors
641 silly ADD node_modules/fresh
642 silly ADD node_modules/finalhandler
643 silly ADD node_modules/etag
644 silly ADD node_modules/escape-html
645 silly ADD node_modules/encodeurl
646 silly ADD node_modules/depd
647 silly ADD node_modules/debug
648 silly ADD node_modules/cookie-signature
649 silly ADD node_modules/cookie
650 silly ADD node_modules/content-type
651 silly ADD node_modules/content-disposition
652 silly ADD node_modules/body-parser
653 silly ADD node_modules/body-parser/node_modules/content-type
654 silly ADD node_modules/accepts
655 silly ADD node_modules/socket.io
656 silly ADD node_modules/socket.io/node_modules/mime-db
657 silly ADD node_modules/socket.io/node_modules/negotiator
658 silly ADD node_modules/socket.io/node_modules/mime-types
659 silly ADD node_modules/socket.io/node_modules/accepts
660 silly ADD node_modules/express
661 verbose cwd /data/data/com.termux/files/home/mon-chat
662 verbose os Linux 6.6.102-android15-8-g1481f357a31c-ab14794947-4k
663 verbose node v26.4.0
664 verbose npm  v11.19.0
665 verbose exit 0
666 info ok
