0 verbose cli /data/data/com.termux/files/usr/bin/node /data/data/com.termux/files/usr/bin/npm
1 info using npm@11.19.0
2 info using node@v26.4.0
3 silly config load:file:/data/data/com.termux/files/usr/lib/node_modules/npm/npmrc
4 silly config load:file:/data/data/com.termux/files/home/.npmrc
5 silly config load:file:/data/data/com.termux/files/usr/etc/npmrc
6 verbose title npm install localtunnel
7 verbose argv "install" "--global" "localtunnel"
8 verbose logfile logs-max:10 dir:/data/data/com.termux/files/home/.npm/_logs/2026-08-25T19_08_39_594Z-
9 verbose logfile /data/data/com.termux/files/home/.npm/_logs/2026-08-25T19_08_39_594Z-debug-0.log
10 silly packumentCache heap:1082130432 maxSize:270532608 maxEntrySize:135266304
11 silly logfile done cleaning log files
12 silly idealTree buildDeps
13 silly fetch manifest localtunnel@*
14 silly packumentCache full:https://registry.npmmirror.com/localtunnel cache-miss
15 http cache https://registry.npmmirror.com/localtunnel 124ms (cache hit)
16 silly packumentCache full:https://registry.npmmirror.com/localtunnel set size:49444 disposed:false
17 silly placeDep ROOT localtunnel@2.0.2 OK for:  want: *
18 silly fetch manifest axios@0.21.4
19 silly packumentCache full:https://registry.npmmirror.com/axios cache-miss
20 silly fetch manifest debug@4.3.2
21 silly packumentCache full:https://registry.npmmirror.com/debug cache-miss
22 silly fetch manifest openurl@1.1.1
23 silly packumentCache full:https://registry.npmmirror.com/openurl cache-miss
24 silly fetch manifest yargs@17.1.1
25 silly packumentCache full:https://registry.npmmirror.com/yargs cache-miss
26 http cache https://registry.npmmirror.com/debug 62ms (cache hit)
27 silly packumentCache full:https://registry.npmmirror.com/debug set size:163683 disposed:false
28 http cache https://registry.npmmirror.com/openurl 81ms (cache hit)
29 silly packumentCache full:https://registry.npmmirror.com/openurl set size:7609 disposed:false
30 http cache https://registry.npmmirror.com/yargs 87ms (cache hit)
31 silly packumentCache full:https://registry.npmmirror.com/yargs set size:675219 disposed:false
32 http cache https://registry.npmmirror.com/axios 154ms (cache hit)
33 silly packumentCache full:https://registry.npmmirror.com/axios set size:872926 disposed:false
34 silly placeDep node_modules/localtunnel axios@0.21.4 OK for: localtunnel@2.0.2 want: 0.21.4
35 silly placeDep node_modules/localtunnel debug@4.3.2 OK for: localtunnel@2.0.2 want: 4.3.2
36 silly placeDep node_modules/localtunnel openurl@1.1.1 OK for: localtunnel@2.0.2 want: 1.1.1
37 silly placeDep node_modules/localtunnel yargs@17.1.1 OK for: localtunnel@2.0.2 want: 17.1.1
38 silly fetch manifest follow-redirects@^1.14.0
39 silly packumentCache full:https://registry.npmmirror.com/follow-redirects cache-miss
40 silly fetch manifest ms@2.1.2
41 silly packumentCache full:https://registry.npmmirror.com/ms cache-miss
42 silly fetch manifest cliui@^7.0.2
43 silly packumentCache full:https://registry.npmmirror.com/cliui cache-miss
44 silly fetch manifest escalade@^3.1.1
45 silly packumentCache full:https://registry.npmmirror.com/escalade cache-miss
46 silly fetch manifest get-caller-file@^2.0.5
47 silly packumentCache full:https://registry.npmmirror.com/get-caller-file cache-miss
48 silly fetch manifest require-directory@^2.1.1
49 silly packumentCache full:https://registry.npmmirror.com/require-directory cache-miss
50 silly fetch manifest string-width@^4.2.0
51 silly packumentCache full:https://registry.npmmirror.com/string-width cache-miss
52 http cache https://registry.npmmirror.com/follow-redirects 117ms (cache hit)
53 silly packumentCache full:https://registry.npmmirror.com/follow-redirects set size:155007 disposed:false
54 silly fetch manifest y18n@^5.0.5
55 silly packumentCache full:https://registry.npmmirror.com/y18n cache-miss
56 http cache https://registry.npmmirror.com/escalade 135ms (cache hit)
57 silly packumentCache full:https://registry.npmmirror.com/escalade set size:26187 disposed:false
58 silly fetch manifest yargs-parser@^20.2.2
59 silly packumentCache full:https://registry.npmmirror.com/yargs-parser cache-miss
60 http cache https://registry.npmmirror.com/ms 153ms (cache hit)
61 silly packumentCache full:https://registry.npmmirror.com/ms set size:126047 disposed:false
62 http cache https://registry.npmmirror.com/cliui 163ms (cache hit)
63 silly packumentCache full:https://registry.npmmirror.com/cliui set size:61310 disposed:false
64 http cache https://registry.npmmirror.com/get-caller-file 171ms (cache hit)
65 silly packumentCache full:https://registry.npmmirror.com/get-caller-file set size:19572 disposed:false
66 http cache https://registry.npmmirror.com/require-directory 177ms (cache hit)
67 silly packumentCache full:https://registry.npmmirror.com/require-directory set size:26456 disposed:false
68 http cache https://registry.npmmirror.com/string-width 180ms (cache hit)
69 silly packumentCache full:https://registry.npmmirror.com/string-width set size:64604 disposed:false
70 http cache https://registry.npmmirror.com/y18n 90ms (cache hit)
71 silly packumentCache full:https://registry.npmmirror.com/y18n set size:47224 disposed:false
72 http cache https://registry.npmmirror.com/yargs-parser 91ms (cache hit)
73 silly packumentCache full:https://registry.npmmirror.com/yargs-parser set size:193395 disposed:false
74 silly placeDep node_modules/localtunnel follow-redirects@1.16.0 OK for: axios@0.21.4 want: ^1.14.0
75 silly placeDep node_modules/localtunnel ms@2.1.2 OK for: debug@4.3.2 want: 2.1.2
76 silly placeDep node_modules/localtunnel cliui@7.0.4 OK for: yargs@17.1.1 want: ^7.0.2
77 silly placeDep node_modules/localtunnel escalade@3.2.0 OK for: yargs@17.1.1 want: ^3.1.1
78 silly placeDep node_modules/localtunnel get-caller-file@2.0.5 OK for: yargs@17.1.1 want: ^2.0.5
79 silly placeDep node_modules/localtunnel require-directory@2.1.1 OK for: yargs@17.1.1 want: ^2.1.1
80 silly placeDep node_modules/localtunnel string-width@4.2.3 OK for: yargs@17.1.1 want: ^4.2.0
81 silly placeDep node_modules/localtunnel y18n@5.0.8 OK for: yargs@17.1.1 want: ^5.0.5
82 silly placeDep node_modules/localtunnel yargs-parser@20.2.9 OK for: yargs@17.1.1 want: ^20.2.2
83 silly fetch manifest strip-ansi@^6.0.0
84 silly packumentCache full:https://registry.npmmirror.com/strip-ansi cache-miss
85 silly fetch manifest wrap-ansi@^7.0.0
86 silly packumentCache full:https://registry.npmmirror.com/wrap-ansi cache-miss
87 silly fetch manifest emoji-regex@^8.0.0
88 silly packumentCache full:https://registry.npmmirror.com/emoji-regex cache-miss
89 silly fetch manifest is-fullwidth-code-point@^3.0.0
90 silly packumentCache full:https://registry.npmmirror.com/is-fullwidth-code-point cache-miss
91 silly fetch manifest strip-ansi@^6.0.1
92 silly packumentCache full:https://registry.npmmirror.com/strip-ansi cache-miss
93 http cache https://registry.npmmirror.com/wrap-ansi 49ms (cache hit)
94 silly packumentCache full:https://registry.npmmirror.com/wrap-ansi set size:49128 disposed:false
95 http cache https://registry.npmmirror.com/is-fullwidth-code-point 54ms (cache hit)
96 silly packumentCache full:https://registry.npmmirror.com/is-fullwidth-code-point set size:12890 disposed:false
97 http cache https://registry.npmmirror.com/strip-ansi 58ms (cache hit)
98 silly packumentCache full:https://registry.npmmirror.com/strip-ansi set size:39163 disposed:false
99 http cache https://registry.npmmirror.com/emoji-regex 71ms (cache hit)
100 silly packumentCache full:https://registry.npmmirror.com/emoji-regex set size:78767 disposed:false
101 http cache https://registry.npmmirror.com/strip-ansi 86ms (cache hit)
102 silly packumentCache full:https://registry.npmmirror.com/strip-ansi set size:39163 disposed:false
103 silly packumentCache full:https://registry.npmmirror.com/strip-ansi dispose
104 silly placeDep node_modules/localtunnel strip-ansi@6.0.1 OK for: cliui@7.0.4 want: ^6.0.0
105 silly placeDep node_modules/localtunnel wrap-ansi@7.0.0 OK for: cliui@7.0.4 want: ^7.0.0
106 silly fetch manifest ansi-regex@^5.0.1
107 silly packumentCache full:https://registry.npmmirror.com/ansi-regex cache-miss
108 silly fetch manifest ansi-styles@^4.0.0
109 silly packumentCache full:https://registry.npmmirror.com/ansi-styles cache-miss
110 http cache https://registry.npmmirror.com/ansi-regex 29ms (cache hit)
111 silly packumentCache full:https://registry.npmmirror.com/ansi-regex set size:42393 disposed:false
112 http cache https://registry.npmmirror.com/ansi-styles 36ms (cache hit)
113 silly packumentCache full:https://registry.npmmirror.com/ansi-styles set size:62178 disposed:false
114 silly placeDep node_modules/localtunnel emoji-regex@8.0.0 OK for: string-width@4.2.3 want: ^8.0.0
115 silly placeDep node_modules/localtunnel is-fullwidth-code-point@3.0.0 OK for: string-width@4.2.3 want: ^3.0.0
116 silly placeDep node_modules/localtunnel ansi-regex@5.0.1 OK for: strip-ansi@6.0.1 want: ^5.0.1
117 silly placeDep node_modules/localtunnel ansi-styles@4.3.0 OK for: wrap-ansi@7.0.0 want: ^4.0.0
118 silly fetch manifest color-convert@^2.0.1
119 silly packumentCache full:https://registry.npmmirror.com/color-convert cache-miss
120 http cache https://registry.npmmirror.com/color-convert 23ms (cache hit)
121 silly packumentCache full:https://registry.npmmirror.com/color-convert set size:68349 disposed:false
122 silly placeDep node_modules/localtunnel color-convert@2.0.1 OK for: ansi-styles@4.3.0 want: ^2.0.1
123 silly fetch manifest color-name@~1.1.4
124 silly packumentCache full:https://registry.npmmirror.com/color-name cache-miss
125 http cache https://registry.npmmirror.com/color-name 18ms (cache hit)
126 silly packumentCache full:https://registry.npmmirror.com/color-name set size:20338 disposed:false
127 silly placeDep node_modules/localtunnel color-name@1.1.4 OK for: color-convert@2.0.1 want: ~1.1.4
128 silly reify moves {}
129 http cache ansi-styles@https://registry.npmmirror.com/ansi-styles/-/ansi-styles-4.3.0.tgz 0ms (cache hit)
130 http cache localtunnel@https://registry.npmmirror.com/localtunnel/-/localtunnel-2.0.2.tgz 0ms (cache hit)
131 http cache ansi-regex@https://registry.npmmirror.com/ansi-regex/-/ansi-regex-5.0.1.tgz 0ms (cache hit)
132 http cache is-fullwidth-code-point@https://registry.npmmirror.com/is-fullwidth-code-point/-/is-fullwidth-code-point-3.0.0.tgz 0ms (cache hit)
133 http cache color-name@https://registry.npmmirror.com/color-name/-/color-name-1.1.4.tgz 1ms (cache hit)
134 http cache emoji-regex@https://registry.npmmirror.com/emoji-regex/-/emoji-regex-8.0.0.tgz 0ms (cache hit)
135 http cache wrap-ansi@https://registry.npmmirror.com/wrap-ansi/-/wrap-ansi-7.0.0.tgz 0ms (cache hit)
136 http cache color-convert@https://registry.npmmirror.com/color-convert/-/color-convert-2.0.1.tgz 0ms (cache hit)
137 http cache strip-ansi@https://registry.npmmirror.com/strip-ansi/-/strip-ansi-6.0.1.tgz 0ms (cache hit)
138 http cache yargs-parser@https://registry.npmmirror.com/yargs-parser/-/yargs-parser-20.2.9.tgz 1ms (cache hit)
139 http cache y18n@https://registry.npmmirror.com/y18n/-/y18n-5.0.8.tgz 0ms (cache hit)
140 http cache require-directory@https://registry.npmmirror.com/require-directory/-/require-directory-2.1.1.tgz 0ms (cache hit)
141 http cache get-caller-file@https://registry.npmmirror.com/get-caller-file/-/get-caller-file-2.0.5.tgz 0ms (cache hit)
142 http cache escalade@https://registry.npmmirror.com/escalade/-/escalade-3.2.0.tgz 0ms (cache hit)
143 http cache string-width@https://registry.npmmirror.com/string-width/-/string-width-4.2.3.tgz 0ms (cache hit)
144 http cache cliui@https://registry.npmmirror.com/cliui/-/cliui-7.0.4.tgz 0ms (cache hit)
145 http cache ms@https://registry.npmmirror.com/ms/-/ms-2.1.2.tgz 1ms (cache hit)
146 http cache follow-redirects@https://registry.npmmirror.com/follow-redirects/-/follow-redirects-1.16.0.tgz 0ms (cache hit)
147 http cache yargs@https://registry.npmmirror.com/yargs/-/yargs-17.1.1.tgz 0ms (cache hit)
148 http cache openurl@https://registry.npmmirror.com/openurl/-/openurl-1.1.1.tgz 0ms (cache hit)
149 http cache debug@https://registry.npmmirror.com/debug/-/debug-4.3.2.tgz 0ms (cache hit)
150 http cache axios@https://registry.npmmirror.com/axios/-/axios-0.21.4.tgz 0ms (cache hit)
151 silly ADD node_modules/localtunnel
152 silly ADD node_modules/localtunnel/node_modules/color-name
153 silly ADD node_modules/localtunnel/node_modules/color-convert
154 silly ADD node_modules/localtunnel/node_modules/ansi-styles
155 silly ADD node_modules/localtunnel/node_modules/ansi-regex
156 silly ADD node_modules/localtunnel/node_modules/is-fullwidth-code-point
157 silly ADD node_modules/localtunnel/node_modules/emoji-regex
158 silly ADD node_modules/localtunnel/node_modules/wrap-ansi
159 silly ADD node_modules/localtunnel/node_modules/strip-ansi
160 silly ADD node_modules/localtunnel/node_modules/yargs-parser
161 silly ADD node_modules/localtunnel/node_modules/y18n
162 silly ADD node_modules/localtunnel/node_modules/string-width
163 silly ADD node_modules/localtunnel/node_modules/require-directory
164 silly ADD node_modules/localtunnel/node_modules/get-caller-file
165 silly ADD node_modules/localtunnel/node_modules/escalade
166 silly ADD node_modules/localtunnel/node_modules/cliui
167 silly ADD node_modules/localtunnel/node_modules/ms
168 silly ADD node_modules/localtunnel/node_modules/follow-redirects
169 silly ADD node_modules/localtunnel/node_modules/yargs
170 silly ADD node_modules/localtunnel/node_modules/openurl
171 silly ADD node_modules/localtunnel/node_modules/debug
172 silly ADD node_modules/localtunnel/node_modules/axios
173 verbose cwd /storage/emulated/0/Download/mon-chat
174 verbose os Linux 6.6.102-android15-8-g1481f357a31c-ab14794947-4k
175 verbose node v26.4.0
176 verbose npm  v11.19.0
177 verbose exit 0
178 info ok
