0 verbose cli /data/data/com.termux/files/usr/bin/node /data/data/com.termux/files/usr/bin/npm
1 info using npm@11.19.0
2 info using node@v26.4.0
3 silly config load:file:/data/data/com.termux/files/usr/lib/node_modules/npm/npmrc
4 silly config load:file:/data/data/com.termux/files/home/mon-chat/.npmrc
5 silly config load:file:/data/data/com.termux/files/home/.npmrc
6 silly config load:file:/data/data/com.termux/files/usr/etc/npmrc
7 verbose title npm install express socket.io
8 verbose argv "install" "express" "socket.io"
9 verbose logfile logs-max:10 dir:/data/data/com.termux/files/home/.npm/_logs/2026-08-25T13_57_24_229Z-
10 verbose logfile /data/data/com.termux/files/home/.npm/_logs/2026-08-25T13_57_24_229Z-debug-0.log
11 silly logfile done cleaning log files
12 silly packumentCache heap:1082130432 maxSize:270532608 maxEntrySize:135266304
13 silly idealTree buildDeps
14 silly fetch manifest express@*
15 silly packumentCache full:https://registry.npmjs.org/express cache-miss
16 http fetch GET 200 https://registry.npmjs.org/express 10147ms (cache miss)
17 silly packumentCache full:https://registry.npmjs.org/express set size:undefined disposed:false
18 silly fetch manifest socket.io@*
19 silly packumentCache full:https://registry.npmjs.org/socket.io cache-miss
20 http fetch GET 200 https://registry.npmjs.org/socket.io 1031ms (cache miss)
21 silly packumentCache full:https://registry.npmjs.org/socket.io set size:undefined disposed:false
22 silly placeDep ROOT express@5.2.1 OK for: mon-chat@1.0.0 want: *
23 silly placeDep ROOT socket.io@4.8.3 OK for: mon-chat@1.0.0 want: *
24 silly fetch manifest qs@^6.14.0
25 silly packumentCache full:https://registry.npmjs.org/qs cache-miss
26 silly fetch manifest depd@^2.0.0
27 silly packumentCache full:https://registry.npmjs.org/depd cache-miss
28 silly fetch manifest etag@^1.8.1
29 silly packumentCache full:https://registry.npmjs.org/etag cache-miss
30 silly fetch manifest once@^1.4.0
31 silly packumentCache full:https://registry.npmjs.org/once cache-miss
32 silly fetch manifest send@^1.1.0
33 silly packumentCache full:https://registry.npmjs.org/send cache-miss
34 silly fetch manifest vary@^1.1.2
35 silly packumentCache full:https://registry.npmjs.org/vary cache-miss
36 silly fetch manifest debug@^4.4.0
37 silly packumentCache full:https://registry.npmjs.org/debug cache-miss
38 http fetch GET 200 https://registry.npmjs.org/qs 913ms (cache miss)
39 silly packumentCache full:https://registry.npmjs.org/qs set size:undefined disposed:false
40 silly fetch manifest fresh@^2.0.0
41 silly packumentCache full:https://registry.npmjs.org/fresh cache-miss
42 http fetch GET 200 https://registry.npmjs.org/fresh 688ms (cache miss)
43 silly packumentCache full:https://registry.npmjs.org/fresh set size:undefined disposed:false
44 silly fetch manifest cookie@^0.7.1
45 silly packumentCache full:https://registry.npmjs.org/cookie cache-miss
46 http fetch GET 200 https://registry.npmjs.org/cookie 807ms (cache miss)
47 silly packumentCache full:https://registry.npmjs.org/cookie set size:undefined disposed:false
48 silly fetch manifest router@^2.2.0
49 silly packumentCache full:https://registry.npmjs.org/router cache-miss
50 http fetch GET 200 https://registry.npmjs.org/router 1246ms (cache miss)
51 silly packumentCache full:https://registry.npmjs.org/router set size:undefined disposed:false
52 silly fetch manifest accepts@^2.0.0
53 silly packumentCache full:https://registry.npmjs.org/accepts cache-miss
54 http fetch GET 200 https://registry.npmjs.org/accepts 1382ms (cache miss)
55 silly packumentCache full:https://registry.npmjs.org/accepts set size:undefined disposed:false
56 silly fetch manifest type-is@^2.0.1
57 silly packumentCache full:https://registry.npmjs.org/type-is cache-miss
58 http fetch GET 200 https://registry.npmjs.org/type-is 755ms (cache miss)
59 silly packumentCache full:https://registry.npmjs.org/type-is set size:undefined disposed:false
60 silly fetch manifest parseurl@^1.3.3
61 silly packumentCache full:https://registry.npmjs.org/parseurl cache-miss
62 http fetch GET 200 https://registry.npmjs.org/parseurl 834ms (cache miss)
63 silly packumentCache full:https://registry.npmjs.org/parseurl set size:undefined disposed:false
64 silly fetch manifest statuses@^2.0.1
65 silly packumentCache full:https://registry.npmjs.org/statuses cache-miss
66 http fetch GET 200 https://registry.npmjs.org/statuses 920ms (cache miss)
67 silly packumentCache full:https://registry.npmjs.org/statuses set size:undefined disposed:false
68 silly fetch manifest encodeurl@^2.0.0
69 silly packumentCache full:https://registry.npmjs.org/encodeurl cache-miss
70 http fetch GET 200 https://registry.npmjs.org/encodeurl 823ms (cache miss)
71 silly packumentCache full:https://registry.npmjs.org/encodeurl set size:undefined disposed:false
72 silly fetch manifest mime-types@^3.0.0
73 silly packumentCache full:https://registry.npmjs.org/mime-types cache-miss
74 http fetch GET 200 https://registry.npmjs.org/vary 9303ms (cache miss)
75 silly packumentCache full:https://registry.npmjs.org/vary set size:undefined disposed:false
76 silly fetch manifest proxy-addr@^2.0.7
77 silly packumentCache full:https://registry.npmjs.org/proxy-addr cache-miss
78 http fetch GET 200 https://registry.npmjs.org/mime-types 747ms (cache miss)
79 silly packumentCache full:https://registry.npmjs.org/mime-types set size:undefined disposed:false
80 silly fetch manifest body-parser@^2.2.1
81 silly packumentCache full:https://registry.npmjs.org/body-parser cache-miss
82 http fetch GET 200 https://registry.npmjs.org/proxy-addr 793ms (cache miss)
83 silly packumentCache full:https://registry.npmjs.org/proxy-addr set size:undefined disposed:false
84 silly fetch manifest escape-html@^1.0.3
85 silly packumentCache full:https://registry.npmjs.org/escape-html cache-miss
86 http fetch GET 200 https://registry.npmjs.org/body-parser 792ms (cache miss)
87 silly packumentCache full:https://registry.npmjs.org/body-parser set size:undefined disposed:false
88 silly fetch manifest http-errors@^2.0.0
89 silly packumentCache full:https://registry.npmjs.org/http-errors cache-miss
90 http fetch GET 200 https://registry.npmjs.org/escape-html 957ms (cache miss)
91 silly packumentCache full:https://registry.npmjs.org/escape-html set size:undefined disposed:false
92 silly fetch manifest on-finished@^2.4.1
93 silly packumentCache full:https://registry.npmjs.org/on-finished cache-miss
94 http fetch GET 200 https://registry.npmjs.org/http-errors 949ms (cache miss)
95 silly packumentCache full:https://registry.npmjs.org/http-errors set size:undefined disposed:false
96 silly fetch manifest content-type@^1.0.5
97 silly packumentCache full:https://registry.npmjs.org/content-type cache-miss
98 http fetch GET 200 https://registry.npmjs.org/on-finished 683ms (cache miss)
99 silly packumentCache full:https://registry.npmjs.org/on-finished set size:undefined disposed:false
100 silly fetch manifest finalhandler@^2.1.0
101 silly packumentCache full:https://registry.npmjs.org/finalhandler cache-miss
102 http fetch GET 200 https://registry.npmjs.org/content-type 728ms (cache miss)
103 silly packumentCache full:https://registry.npmjs.org/content-type set size:undefined disposed:false
104 silly fetch manifest range-parser@^1.2.1
105 silly packumentCache full:https://registry.npmjs.org/range-parser cache-miss
106 http fetch GET 200 https://registry.npmjs.org/range-parser 829ms (cache miss)
107 silly packumentCache full:https://registry.npmjs.org/range-parser set size:undefined disposed:false
108 silly fetch manifest serve-static@^2.2.0
109 silly packumentCache full:https://registry.npmjs.org/serve-static cache-miss
110 http fetch GET 200 https://registry.npmjs.org/finalhandler 913ms (cache miss)
111 silly packumentCache full:https://registry.npmjs.org/finalhandler set size:undefined disposed:false
112 silly fetch manifest cookie-signature@^1.2.1
113 silly packumentCache full:https://registry.npmjs.org/cookie-signature cache-miss
114 http fetch GET 200 https://registry.npmjs.org/debug 13072ms (cache miss)
115 silly packumentCache full:https://registry.npmjs.org/debug set size:undefined disposed:false
116 silly fetch manifest merge-descriptors@^2.0.0
117 silly packumentCache full:https://registry.npmjs.org/merge-descriptors cache-miss
118 http fetch GET 200 https://registry.npmjs.org/cookie-signature 868ms (cache miss)
119 silly packumentCache full:https://registry.npmjs.org/cookie-signature set size:undefined disposed:false
120 silly fetch manifest content-disposition@^1.0.0
121 silly packumentCache full:https://registry.npmjs.org/content-disposition cache-miss
122 http fetch GET 200 https://registry.npmjs.org/serve-static 916ms (cache miss)
123 silly packumentCache full:https://registry.npmjs.org/serve-static set size:undefined disposed:false
124 silly fetch manifest accepts@~1.3.4
125 silly packumentCache full:https://registry.npmjs.org/accepts cache-miss
126 http cache https://registry.npmjs.org/accepts 38ms (cache hit)
127 silly packumentCache full:https://registry.npmjs.org/accepts set size:77054 disposed:false
128 silly fetch manifest base64id@~2.0.0
129 silly packumentCache full:https://registry.npmjs.org/base64id cache-miss
130 http fetch GET https://registry.npmjs.org/etag attempt 1 failed with ECONNRESET
131 http fetch GET 200 https://registry.npmjs.org/merge-descriptors 1106ms (cache miss)
132 silly packumentCache full:https://registry.npmjs.org/merge-descriptors set size:undefined disposed:false
133 silly fetch manifest cors@~2.8.5
134 silly packumentCache full:https://registry.npmjs.org/cors cache-miss
135 http fetch GET 200 https://registry.npmjs.org/content-disposition 866ms (cache miss)
136 silly packumentCache full:https://registry.npmjs.org/content-disposition set size:undefined disposed:false
137 silly fetch manifest debug@~4.4.1
138 silly packumentCache full:https://registry.npmjs.org/debug cache-miss
139 http fetch GET 200 https://registry.npmjs.org/base64id 800ms (cache miss)
140 silly packumentCache full:https://registry.npmjs.org/base64id set size:undefined disposed:false
141 silly fetch manifest engine.io@~6.6.0
142 silly packumentCache full:https://registry.npmjs.org/engine.io cache-miss
143 http cache https://registry.npmjs.org/debug 37ms (cache hit)
144 silly packumentCache full:https://registry.npmjs.org/debug set size:195840 disposed:false
145 silly fetch manifest socket.io-adapter@~2.5.2
146 silly packumentCache full:https://registry.npmjs.org/socket.io-adapter cache-miss
147 http fetch GET 200 https://registry.npmjs.org/cors 2158ms (cache miss)
148 silly packumentCache full:https://registry.npmjs.org/cors set size:undefined disposed:false
149 silly fetch manifest socket.io-parser@~4.2.4
150 silly packumentCache full:https://registry.npmjs.org/socket.io-parser cache-miss
151 http fetch GET 200 https://registry.npmjs.org/socket.io-adapter 1906ms (cache miss)
152 silly packumentCache full:https://registry.npmjs.org/socket.io-adapter set size:undefined disposed:false
153 http fetch GET 200 https://registry.npmjs.org/engine.io 2046ms (cache miss)
154 silly packumentCache full:https://registry.npmjs.org/engine.io set size:undefined disposed:false
155 http fetch GET 200 https://registry.npmjs.org/depd 17877ms (cache miss)
156 silly packumentCache full:https://registry.npmjs.org/depd set size:undefined disposed:false
157 http fetch GET 200 https://registry.npmjs.org/socket.io-parser 2269ms (cache miss)
158 silly packumentCache full:https://registry.npmjs.org/socket.io-parser set size:undefined disposed:false
159 http fetch GET 200 https://registry.npmjs.org/once 19098ms (cache miss)
160 silly packumentCache full:https://registry.npmjs.org/once set size:undefined disposed:false
161 http fetch GET 200 https://registry.npmjs.org/etag 24929ms attempt #2 (cache miss)
162 silly packumentCache full:https://registry.npmjs.org/etag set size:undefined disposed:false
163 http fetch GET https://registry.npmjs.org/send attempt 1 failed with ECONNRESET
164 http fetch GET 200 https://registry.npmjs.org/send 39175ms attempt #2 (cache miss)
165 silly packumentCache full:https://registry.npmjs.org/send set size:undefined disposed:false
166 silly placeDep ROOT accepts@2.0.0 OK for: express@5.2.1 want: ^2.0.0
167 silly placeDep ROOT body-parser@2.3.0 OK for: express@5.2.1 want: ^2.2.1
168 silly placeDep ROOT content-disposition@1.1.0 OK for: express@5.2.1 want: ^1.0.0
169 silly placeDep ROOT content-type@1.0.5 OK for: express@5.2.1 want: ^1.0.5
170 silly placeDep ROOT cookie@0.7.2 OK for: express@5.2.1 want: ^0.7.1
171 silly placeDep ROOT cookie-signature@1.2.2 OK for: express@5.2.1 want: ^1.2.1
172 silly placeDep ROOT debug@4.4.3 OK for: express@5.2.1 want: ^4.4.0
173 silly placeDep ROOT depd@2.0.0 OK for: express@5.2.1 want: ^2.0.0
174 silly placeDep ROOT encodeurl@2.0.0 OK for: express@5.2.1 want: ^2.0.0
175 silly placeDep ROOT escape-html@1.0.3 OK for: express@5.2.1 want: ^1.0.3
176 silly placeDep ROOT etag@1.8.1 OK for: express@5.2.1 want: ^1.8.1
177 silly placeDep ROOT finalhandler@2.1.1 OK for: express@5.2.1 want: ^2.1.0
178 silly placeDep ROOT fresh@2.0.0 OK for: express@5.2.1 want: ^2.0.0
179 silly placeDep ROOT http-errors@2.0.1 OK for: express@5.2.1 want: ^2.0.0
180 silly placeDep ROOT merge-descriptors@2.0.0 OK for: express@5.2.1 want: ^2.0.0
181 silly placeDep ROOT mime-types@3.0.2 OK for: express@5.2.1 want: ^3.0.0
182 silly placeDep ROOT on-finished@2.4.1 OK for: express@5.2.1 want: ^2.4.1
183 silly placeDep ROOT once@1.4.0 OK for: express@5.2.1 want: ^1.4.0
184 silly placeDep ROOT parseurl@1.3.3 OK for: express@5.2.1 want: ^1.3.3
185 silly placeDep ROOT proxy-addr@2.0.7 OK for: express@5.2.1 want: ^2.0.7
186 silly placeDep ROOT qs@6.15.3 OK for: express@5.2.1 want: ^6.14.0
187 silly placeDep ROOT range-parser@1.3.0 OK for: express@5.2.1 want: ^1.2.1
188 silly placeDep ROOT router@2.2.0 OK for: express@5.2.1 want: ^2.2.0
189 silly placeDep ROOT send@1.2.1 OK for: express@5.2.1 want: ^1.1.0
190 silly placeDep ROOT serve-static@2.2.1 OK for: express@5.2.1 want: ^2.2.0
191 silly placeDep ROOT statuses@2.0.2 OK for: express@5.2.1 want: ^2.0.1
192 silly placeDep ROOT type-is@2.1.0 OK for: express@5.2.1 want: ^2.0.1
193 silly placeDep ROOT vary@1.1.2 OK for: express@5.2.1 want: ^1.1.2
194 silly fetch manifest negotiator@^1.0.0
195 silly packumentCache full:https://registry.npmjs.org/negotiator cache-miss
196 silly fetch manifest qs@^6.15.2
197 silly packumentCache full:https://registry.npmjs.org/qs cache-miss
198 silly fetch manifest bytes@^3.1.2
199 silly packumentCache full:https://registry.npmjs.org/bytes cache-miss
200 silly fetch manifest debug@^4.4.3
201 silly packumentCache full:https://registry.npmjs.org/debug cache-hit
202 silly fetch manifest type-is@^2.1.0
203 silly packumentCache full:https://registry.npmjs.org/type-is cache-miss
204 silly fetch manifest raw-body@^3.0.2
205 silly packumentCache full:https://registry.npmjs.org/raw-body cache-miss
206 silly fetch manifest iconv-lite@^0.7.2
207 silly packumentCache full:https://registry.npmjs.org/iconv-lite cache-miss
208 silly fetch manifest http-errors@^2.0.1
209 silly packumentCache full:https://registry.npmjs.org/http-errors cache-miss
210 http cache https://registry.npmjs.org/type-is 66ms (cache hit)
211 silly packumentCache full:https://registry.npmjs.org/type-is set size:88614 disposed:false
212 silly fetch manifest content-type@^2.0.0
213 silly packumentCache full:https://registry.npmjs.org/content-type cache-miss
214 http cache https://registry.npmjs.org/http-errors 57ms (cache hit)
215 silly packumentCache full:https://registry.npmjs.org/http-errors set size:71987 disposed:false
216 silly fetch manifest ms@^2.1.3
217 silly packumentCache full:https://registry.npmjs.org/ms cache-miss
218 http cache https://registry.npmjs.org/qs 100ms (cache hit)
219 silly packumentCache full:https://registry.npmjs.org/qs set size:360318 disposed:false
220 silly fetch manifest inherits@~2.0.4
221 silly packumentCache full:https://registry.npmjs.org/inherits cache-miss
222 http cache https://registry.npmjs.org/content-type 80ms (cache hit)
223 silly packumentCache full:https://registry.npmjs.org/content-type set size:23936 disposed:false
224 silly fetch manifest setprototypeof@~1.2.0
225 silly packumentCache full:https://registry.npmjs.org/setprototypeof cache-miss
226 http fetch GET 200 https://registry.npmjs.org/iconv-lite 525ms (cache miss)
227 silly packumentCache full:https://registry.npmjs.org/iconv-lite set size:undefined disposed:false
228 silly fetch manifest statuses@~2.0.2
229 silly packumentCache full:https://registry.npmjs.org/statuses cache-miss
230 http cache https://registry.npmjs.org/statuses 15ms (cache hit)
231 silly packumentCache full:https://registry.npmjs.org/statuses set size:37117 disposed:false
232 silly fetch manifest toidentifier@~1.0.1
233 silly packumentCache full:https://registry.npmjs.org/toidentifier cache-miss
234 http fetch GET 200 https://registry.npmjs.org/bytes 971ms (cache miss)
235 silly packumentCache full:https://registry.npmjs.org/bytes set size:undefined disposed:false
236 silly fetch manifest mime-db@^1.54.0
237 silly packumentCache full:https://registry.npmjs.org/mime-db cache-miss
238 http fetch GET 200 https://registry.npmjs.org/ms 1663ms (cache miss)
239 silly packumentCache full:https://registry.npmjs.org/ms set size:undefined disposed:false
240 silly fetch manifest ee-first@1.1.1
241 silly packumentCache full:https://registry.npmjs.org/ee-first cache-miss
242 http fetch GET 200 https://registry.npmjs.org/mime-db 954ms (cache miss)
243 silly packumentCache full:https://registry.npmjs.org/mime-db set size:undefined disposed:false
244 silly fetch manifest wrappy@1
245 silly packumentCache full:https://registry.npmjs.org/wrappy cache-miss
246 http fetch GET 200 https://registry.npmjs.org/toidentifier 1360ms (cache miss)
247 silly packumentCache full:https://registry.npmjs.org/toidentifier set size:undefined disposed:false
248 silly fetch manifest forwarded@0.2.0
249 silly packumentCache full:https://registry.npmjs.org/forwarded cache-miss
250 http fetch GET 200 https://registry.npmjs.org/ee-first 493ms (cache miss)
251 silly packumentCache full:https://registry.npmjs.org/ee-first set size:undefined disposed:false
252 silly fetch manifest ipaddr.js@1.9.1
253 silly packumentCache full:https://registry.npmjs.org/ipaddr.js cache-miss
254 http fetch GET 200 https://registry.npmjs.org/wrappy 651ms (cache miss)
255 silly packumentCache full:https://registry.npmjs.org/wrappy set size:undefined disposed:false
256 silly fetch manifest side-channel@^1.1.1
257 silly packumentCache full:https://registry.npmjs.org/side-channel cache-miss
258 http fetch GET 200 https://registry.npmjs.org/forwarded 665ms (cache miss)
259 silly packumentCache full:https://registry.npmjs.org/forwarded set size:undefined disposed:false
260 silly fetch manifest es-define-property@^1.0.1
261 silly packumentCache full:https://registry.npmjs.org/es-define-property cache-miss
262 http fetch GET 200 https://registry.npmjs.org/inherits 2865ms (cache miss)
263 silly packumentCache full:https://registry.npmjs.org/inherits set size:undefined disposed:false
264 silly fetch manifest is-promise@^4.0.0
265 silly packumentCache full:https://registry.npmjs.org/is-promise cache-miss
266 http fetch GET 200 https://registry.npmjs.org/ipaddr.js 873ms (cache miss)
267 silly packumentCache full:https://registry.npmjs.org/ipaddr.js set size:undefined disposed:false
268 silly fetch manifest path-to-regexp@^8.0.0
269 silly packumentCache full:https://registry.npmjs.org/path-to-regexp cache-miss
270 http fetch GET 200 https://registry.npmjs.org/es-define-property 818ms (cache miss)
271 silly packumentCache full:https://registry.npmjs.org/es-define-property set size:undefined disposed:false
272 silly fetch manifest statuses@^2.0.2
273 silly packumentCache full:https://registry.npmjs.org/statuses cache-hit
274 silly fetch manifest media-typer@^1.1.0
275 silly packumentCache full:https://registry.npmjs.org/media-typer cache-miss
276 http fetch GET 200 https://registry.npmjs.org/side-channel 862ms (cache miss)
277 silly packumentCache full:https://registry.npmjs.org/side-channel set size:undefined disposed:false
278 http fetch GET 200 https://registry.npmjs.org/is-promise 843ms (cache miss)
279 silly packumentCache full:https://registry.npmjs.org/is-promise set size:undefined disposed:false
280 http fetch GET 200 https://registry.npmjs.org/path-to-regexp 941ms (cache miss)
281 silly packumentCache full:https://registry.npmjs.org/path-to-regexp set size:undefined disposed:false
282 http fetch GET 200 https://registry.npmjs.org/media-typer 892ms (cache miss)
283 silly packumentCache full:https://registry.npmjs.org/media-typer set size:undefined disposed:false
284 http fetch GET 200 https://registry.npmjs.org/negotiator 5046ms (cache miss)
285 silly packumentCache full:https://registry.npmjs.org/negotiator set size:undefined disposed:false
286 http fetch GET 200 https://registry.npmjs.org/raw-body 5844ms (cache miss)
287 silly packumentCache full:https://registry.npmjs.org/raw-body set size:undefined disposed:false
288 http fetch GET 200 https://registry.npmjs.org/setprototypeof 10862ms (cache miss)
289 silly packumentCache full:https://registry.npmjs.org/setprototypeof set size:undefined disposed:false
290 silly placeDep ROOT negotiator@1.1.0 OK for: accepts@2.0.0 want: ^1.0.0
291 silly fetch manifest content-type@^2.1.0
292 silly packumentCache full:https://registry.npmjs.org/content-type cache-hit
293 silly placeDep ROOT bytes@3.1.2 OK for: body-parser@2.3.0 want: ^3.1.2
294 silly placeDep node_modules/body-parser content-type@2.1.0 OK for: body-parser@2.3.0 want: ^2.0.0
295 silly placeDep ROOT iconv-lite@0.7.3 OK for: body-parser@2.3.0 want: ^0.7.2
296 silly placeDep ROOT raw-body@3.0.2 OK for: body-parser@2.3.0 want: ^3.0.2
297 silly fetch manifest safer-buffer@>= 2.1.2 < 3.0.0
298 silly packumentCache full:https://registry.npmjs.org/safer-buffer cache-miss
299 silly fetch manifest unpipe@~1.0.0
300 silly packumentCache full:https://registry.npmjs.org/unpipe cache-miss
301 http fetch GET 200 https://registry.npmjs.org/unpipe 644ms (cache miss)
302 silly packumentCache full:https://registry.npmjs.org/unpipe set size:undefined disposed:false
303 http fetch GET 200 https://registry.npmjs.org/safer-buffer 652ms (cache miss)
304 silly packumentCache full:https://registry.npmjs.org/safer-buffer set size:undefined disposed:false
305 silly placeDep ROOT ms@2.1.3 OK for: debug@4.4.3 want: ^2.1.3
306 silly placeDep ROOT inherits@2.0.4 OK for: http-errors@2.0.1 want: ~2.0.4
307 silly placeDep ROOT setprototypeof@1.2.0 OK for: http-errors@2.0.1 want: ~1.2.0
308 silly placeDep ROOT toidentifier@1.0.1 OK for: http-errors@2.0.1 want: ~1.0.1
309 silly placeDep ROOT safer-buffer@2.1.2 OK for: iconv-lite@0.7.3 want: >= 2.1.2 < 3.0.0
310 silly placeDep ROOT mime-db@1.54.0 OK for: mime-types@3.0.2 want: ^1.54.0
311 silly placeDep node_modules/negotiator content-type@2.1.0 OK for: negotiator@1.1.0 want: ^2.1.0
312 silly placeDep ROOT ee-first@1.1.1 OK for: on-finished@2.4.1 want: 1.1.1
313 silly placeDep ROOT wrappy@1.0.2 OK for: once@1.4.0 want: 1
314 silly placeDep ROOT forwarded@0.2.0 OK for: proxy-addr@2.0.7 want: 0.2.0
315 silly placeDep ROOT ipaddr.js@1.9.1 OK for: proxy-addr@2.0.7 want: 1.9.1
316 silly placeDep ROOT es-define-property@1.0.1 OK for: qs@6.15.3 want: ^1.0.1
317 silly placeDep ROOT side-channel@1.1.1 OK for: qs@6.15.3 want: ^1.1.1
318 silly fetch manifest es-errors@^1.3.0
319 silly packumentCache full:https://registry.npmjs.org/es-errors cache-miss
320 silly fetch manifest object-inspect@^1.13.4
321 silly packumentCache full:https://registry.npmjs.org/object-inspect cache-miss
322 silly fetch manifest side-channel-list@^1.0.1
323 silly packumentCache full:https://registry.npmjs.org/side-channel-list cache-miss
324 silly fetch manifest side-channel-map@^1.0.1
325 silly packumentCache full:https://registry.npmjs.org/side-channel-map cache-miss
326 silly fetch manifest side-channel-weakmap@^1.0.2
327 silly packumentCache full:https://registry.npmjs.org/side-channel-weakmap cache-miss
328 http fetch GET 200 https://registry.npmjs.org/es-errors 835ms (cache miss)
329 silly packumentCache full:https://registry.npmjs.org/es-errors set size:undefined disposed:false
330 http fetch GET 200 https://registry.npmjs.org/side-channel-weakmap 833ms (cache miss)
331 silly packumentCache full:https://registry.npmjs.org/side-channel-weakmap set size:undefined disposed:false
332 http fetch GET 200 https://registry.npmjs.org/object-inspect 847ms (cache miss)
333 silly packumentCache full:https://registry.npmjs.org/object-inspect set size:undefined disposed:false
334 http fetch GET 200 https://registry.npmjs.org/side-channel-map 5999ms (cache miss)
335 silly packumentCache full:https://registry.npmjs.org/side-channel-map set size:undefined disposed:false
336 http fetch GET 200 https://registry.npmjs.org/side-channel-list 9155ms (cache miss)
337 silly packumentCache full:https://registry.npmjs.org/side-channel-list set size:undefined disposed:false
338 silly placeDep ROOT unpipe@1.0.0 OK for: raw-body@3.0.2 want: ~1.0.0
339 silly placeDep ROOT is-promise@4.0.0 OK for: router@2.2.0 want: ^4.0.0
340 silly placeDep ROOT path-to-regexp@8.4.2 OK for: router@2.2.0 want: ^8.0.0
341 silly placeDep ROOT es-errors@1.3.0 OK for: side-channel@1.1.1 want: ^1.3.0
342 silly placeDep ROOT object-inspect@1.13.4 OK for: side-channel@1.1.1 want: ^1.13.4
343 silly placeDep ROOT side-channel-list@1.0.1 OK for: side-channel@1.1.1 want: ^1.0.1
344 silly placeDep ROOT side-channel-map@1.0.1 OK for: side-channel@1.1.1 want: ^1.0.1
345 silly placeDep ROOT side-channel-weakmap@1.0.2 OK for: side-channel@1.1.1 want: ^1.0.2
346 silly fetch manifest call-bound@^1.0.2
347 silly packumentCache full:https://registry.npmjs.org/call-bound cache-miss
348 silly fetch manifest get-intrinsic@^1.2.5
349 silly packumentCache full:https://registry.npmjs.org/get-intrinsic cache-miss
350 silly fetch manifest call-bound@^1.0.2
351 silly packumentCache full:https://registry.npmjs.org/call-bound cache-miss
352 silly fetch manifest get-intrinsic@^1.2.5
353 silly packumentCache full:https://registry.npmjs.org/get-intrinsic cache-miss
354 http fetch GET 200 https://registry.npmjs.org/call-bound 708ms (cache miss)
355 silly packumentCache full:https://registry.npmjs.org/call-bound set size:undefined disposed:false
356 http fetch GET 200 https://registry.npmjs.org/call-bound 715ms (cache miss)
357 silly packumentCache full:https://registry.npmjs.org/call-bound set size:undefined disposed:false
358 http fetch GET 200 https://registry.npmjs.org/get-intrinsic 718ms (cache miss)
359 silly packumentCache full:https://registry.npmjs.org/get-intrinsic set size:undefined disposed:false
360 http fetch GET 200 https://registry.npmjs.org/get-intrinsic 1114ms (cache miss)
361 silly packumentCache full:https://registry.npmjs.org/get-intrinsic set size:undefined disposed:false
362 silly placeDep ROOT call-bound@1.0.4 OK for: side-channel-map@1.0.1 want: ^1.0.2
363 silly placeDep ROOT get-intrinsic@1.3.0 OK for: side-channel-map@1.0.1 want: ^1.2.5
364 silly fetch manifest call-bind-apply-helpers@^1.0.2
365 silly packumentCache full:https://registry.npmjs.org/call-bind-apply-helpers cache-miss
366 silly fetch manifest get-intrinsic@^1.3.0
367 silly packumentCache full:https://registry.npmjs.org/get-intrinsic cache-miss
368 silly fetch manifest gopd@^1.2.0
369 silly packumentCache full:https://registry.npmjs.org/gopd cache-miss
370 silly fetch manifest hasown@^2.0.2
371 silly packumentCache full:https://registry.npmjs.org/hasown cache-miss
372 silly fetch manifest get-proto@^1.0.1
373 silly packumentCache full:https://registry.npmjs.org/get-proto cache-miss
374 silly fetch manifest has-symbols@^1.1.0
375 silly packumentCache full:https://registry.npmjs.org/has-symbols cache-miss
376 silly fetch manifest function-bind@^1.1.2
377 silly packumentCache full:https://registry.npmjs.org/function-bind cache-miss
378 http cache https://registry.npmjs.org/get-intrinsic 82ms (cache hit)
379 silly packumentCache full:https://registry.npmjs.org/get-intrinsic set size:60985 disposed:false
380 silly fetch manifest es-object-atoms@^1.1.1
381 silly packumentCache full:https://registry.npmjs.org/es-object-atoms cache-miss
382 http fetch GET 200 https://registry.npmjs.org/es-object-atoms 483ms (cache miss)
383 silly packumentCache full:https://registry.npmjs.org/es-object-atoms set size:undefined disposed:false
384 silly fetch manifest math-intrinsics@^1.1.0
385 silly packumentCache full:https://registry.npmjs.org/math-intrinsics cache-miss
386 http fetch GET 200 https://registry.npmjs.org/get-proto 576ms (cache miss)
387 silly packumentCache full:https://registry.npmjs.org/get-proto set size:undefined disposed:false
388 silly fetch manifest call-bind-apply-helpers@^1.0.2
389 silly packumentCache full:https://registry.npmjs.org/call-bind-apply-helpers cache-miss
390 http fetch GET 200 https://registry.npmjs.org/call-bind-apply-helpers 601ms (cache miss)
391 silly packumentCache full:https://registry.npmjs.org/call-bind-apply-helpers set size:undefined disposed:false
392 http fetch GET 200 https://registry.npmjs.org/function-bind 594ms (cache miss)
393 silly packumentCache full:https://registry.npmjs.org/function-bind set size:undefined disposed:false
394 http fetch GET 200 https://registry.npmjs.org/has-symbols 603ms (cache miss)
395 silly packumentCache full:https://registry.npmjs.org/has-symbols set size:undefined disposed:false
396 http cache https://registry.npmjs.org/call-bind-apply-helpers 43ms (cache hit)
397 silly packumentCache full:https://registry.npmjs.org/call-bind-apply-helpers set size:12744 disposed:false
398 http fetch GET 200 https://registry.npmjs.org/math-intrinsics 468ms (cache miss)
399 silly packumentCache full:https://registry.npmjs.org/math-intrinsics set size:undefined disposed:false
400 http fetch GET 200 https://registry.npmjs.org/gopd 1810ms (cache miss)
401 silly packumentCache full:https://registry.npmjs.org/gopd set size:undefined disposed:false
402 http fetch GET 200 https://registry.npmjs.org/hasown 1820ms (cache miss)
403 silly packumentCache full:https://registry.npmjs.org/hasown set size:undefined disposed:false
404 silly placeDep ROOT call-bind-apply-helpers@1.0.2 OK for: call-bound@1.0.4 want: ^1.0.2
405 silly placeDep ROOT function-bind@1.1.2 OK for: call-bind-apply-helpers@1.0.2 want: ^1.1.2
406 silly placeDep ROOT es-object-atoms@1.1.2 OK for: get-intrinsic@1.3.0 want: ^1.1.1
407 silly placeDep ROOT get-proto@1.0.1 OK for: get-intrinsic@1.3.0 want: ^1.0.1
408 silly placeDep ROOT gopd@1.2.0 OK for: get-intrinsic@1.3.0 want: ^1.2.0
409 silly placeDep ROOT has-symbols@1.1.0 OK for: get-intrinsic@1.3.0 want: ^1.1.0
410 silly placeDep ROOT hasown@2.0.4 OK for: get-intrinsic@1.3.0 want: ^2.0.2
411 silly placeDep ROOT math-intrinsics@1.1.0 OK for: get-intrinsic@1.3.0 want: ^1.1.0
412 silly fetch manifest dunder-proto@^1.0.1
413 silly packumentCache full:https://registry.npmjs.org/dunder-proto cache-miss
414 http fetch GET 200 https://registry.npmjs.org/dunder-proto 302ms (cache miss)
415 silly packumentCache full:https://registry.npmjs.org/dunder-proto set size:undefined disposed:false
416 silly placeDep ROOT dunder-proto@1.0.1 OK for: get-proto@1.0.1 want: ^1.0.1
417 silly placeDep node_modules/socket.io accepts@1.3.8 OK for: socket.io@4.8.3 want: ~1.3.4
418 silly placeDep ROOT base64id@2.0.0 OK for: socket.io@4.8.3 want: ~2.0.0
419 silly placeDep ROOT cors@2.8.6 OK for: socket.io@4.8.3 want: ~2.8.5
420 silly placeDep ROOT engine.io@6.6.9 OK for: socket.io@4.8.3 want: ~6.6.0
421 silly placeDep ROOT socket.io-adapter@2.5.8 OK for: socket.io@4.8.3 want: ~2.5.2
422 silly placeDep ROOT socket.io-parser@4.2.7 OK for: socket.io@4.8.3 want: ~4.2.4
423 silly fetch manifest mime-types@~2.1.34
424 silly packumentCache full:https://registry.npmjs.org/mime-types cache-miss
425 silly fetch manifest negotiator@0.6.3
426 silly packumentCache full:https://registry.npmjs.org/negotiator cache-miss
427 silly fetch manifest object-assign@^4
428 silly packumentCache full:https://registry.npmjs.org/object-assign cache-miss
429 silly fetch manifest ws@~8.21.0
430 silly packumentCache full:https://registry.npmjs.org/ws cache-miss
431 silly fetch manifest @types/ws@^8.5.12
432 silly packumentCache full:https://registry.npmjs.org/@types%2fws cache-miss
433 silly fetch manifest @types/cors@^2.8.12
434 silly packumentCache full:https://registry.npmjs.org/@types%2fcors cache-miss
435 silly fetch manifest @types/node@>=10.0.0
436 silly packumentCache full:https://registry.npmjs.org/@types%2fnode cache-miss
437 http cache https://registry.npmjs.org/negotiator 92ms (cache hit)
438 silly packumentCache full:https://registry.npmjs.org/negotiator set size:56148 disposed:false
439 silly fetch manifest engine.io-parser@~5.2.1
440 silly packumentCache full:https://registry.npmjs.org/engine.io-parser cache-miss
441 http cache https://registry.npmjs.org/mime-types 113ms (cache hit)
442 silly packumentCache full:https://registry.npmjs.org/mime-types set size:139110 disposed:false
443 silly fetch manifest ws@~8.21.0
444 silly packumentCache full:https://registry.npmjs.org/ws cache-miss
445 http fetch GET 200 https://registry.npmjs.org/object-assign 403ms (cache miss)
446 silly packumentCache full:https://registry.npmjs.org/object-assign set size:undefined disposed:false
447 silly fetch manifest @socket.io/component-emitter@~3.1.0
448 silly packumentCache full:https://registry.npmjs.org/@socket.io%2fcomponent-emitter cache-miss
449 http fetch GET 200 https://registry.npmjs.org/@types%2fcors 552ms (cache miss)
450 silly packumentCache full:https://registry.npmjs.org/@types%2fcors set size:undefined disposed:false
451 http fetch GET 200 https://registry.npmjs.org/@socket.io%2fcomponent-emitter 566ms (cache miss)
452 silly packumentCache full:https://registry.npmjs.org/@socket.io%2fcomponent-emitter set size:undefined disposed:false
453 http fetch GET 200 https://registry.npmjs.org/ws 1338ms (cache miss)
454 silly packumentCache full:https://registry.npmjs.org/ws set size:undefined disposed:false
455 http fetch GET 200 https://registry.npmjs.org/ws 1260ms (cache miss)
456 silly packumentCache full:https://registry.npmjs.org/ws set size:undefined disposed:false
457 http fetch GET 200 https://registry.npmjs.org/@types%2fws 1469ms (cache miss)
458 silly packumentCache full:https://registry.npmjs.org/@types%2fws set size:undefined disposed:false
459 http fetch GET 200 https://registry.npmjs.org/engine.io-parser 1871ms (cache miss)
460 silly packumentCache full:https://registry.npmjs.org/engine.io-parser set size:undefined disposed:false
461 http fetch GET 200 https://registry.npmjs.org/@types%2fnode 8168ms (cache miss)
462 silly packumentCache full:https://registry.npmjs.org/@types%2fnode set size:undefined disposed:false
463 silly placeDep ROOT object-assign@4.1.1 OK for: cors@2.8.6 want: ^4
464 silly fetch manifest bufferutil@^4.0.1
465 silly packumentCache full:https://registry.npmjs.org/bufferutil cache-miss
466 http fetch GET 200 https://registry.npmjs.org/bufferutil 715ms (cache miss)
467 silly packumentCache full:https://registry.npmjs.org/bufferutil set size:undefined disposed:false
468 silly fetch manifest utf-8-validate@>=5.0.2
469 silly packumentCache full:https://registry.npmjs.org/utf-8-validate cache-miss
470 http fetch GET 200 https://registry.npmjs.org/utf-8-validate 765ms (cache miss)
471 silly packumentCache full:https://registry.npmjs.org/utf-8-validate set size:undefined disposed:false
472 silly placeDep ROOT @types/cors@2.8.19 OK for: engine.io@6.6.9 want: ^2.8.12
473 silly placeDep ROOT @types/node@26.3.0 OK for: engine.io@6.6.9 want: >=10.0.0
474 silly placeDep ROOT @types/ws@8.18.1 OK for: engine.io@6.6.9 want: ^8.5.12
475 silly placeDep node_modules/engine.io accepts@1.3.8 OK for: engine.io@6.6.9 want: ~1.3.4
476 silly placeDep ROOT engine.io-parser@5.2.3 OK for: engine.io@6.6.9 want: ~5.2.1
477 silly placeDep ROOT ws@8.21.3 OK for: engine.io@6.6.9 want: ~8.21.0
478 silly fetch manifest @types/node@*
479 silly packumentCache full:https://registry.npmjs.org/@types%2fnode cache-miss
480 silly fetch manifest undici-types@~8.3.0
481 silly packumentCache full:https://registry.npmjs.org/undici-types cache-miss
482 http cache https://registry.npmjs.org/@types%2fnode 120ms (cache hit)
483 silly packumentCache full:https://registry.npmjs.org/@types%2fnode set size:11092436 disposed:false
484 http fetch GET 200 https://registry.npmjs.org/undici-types 770ms (cache miss)
485 silly packumentCache full:https://registry.npmjs.org/undici-types set size:undefined disposed:false
486 silly placeDep ROOT undici-types@8.3.0 OK for: @types/node@26.3.0 want: ~8.3.0
487 silly placeDep ROOT @socket.io/component-emitter@3.1.2 OK for: socket.io-parser@4.2.7 want: ~3.1.0
488 silly placeDep node_modules/type-is content-type@2.1.0 OK for: type-is@2.1.0 want: ^2.0.0
489 silly placeDep ROOT media-typer@1.1.1 OK for: type-is@2.1.0 want: ^1.1.0
490 silly placeDep node_modules/engine.io mime-types@2.1.35 OK for: accepts@1.3.8 want: ~2.1.34
491 silly placeDep node_modules/engine.io negotiator@0.6.3 OK for: accepts@1.3.8 want: 0.6.3
492 silly fetch manifest mime-db@1.52.0
493 silly packumentCache full:https://registry.npmjs.org/mime-db cache-miss
494 http cache https://registry.npmjs.org/mime-db 23ms (cache hit)
495 silly packumentCache full:https://registry.npmjs.org/mime-db set size:164953 disposed:false
496 silly placeDep node_modules/engine.io mime-db@1.52.0 OK for: mime-types@2.1.35 want: 1.52.0
497 silly placeDep node_modules/socket.io mime-types@2.1.35 OK for: accepts@1.3.8 want: ~2.1.34
498 silly placeDep node_modules/socket.io negotiator@0.6.3 OK for: accepts@1.3.8 want: 0.6.3
499 silly placeDep node_modules/socket.io mime-db@1.52.0 OK for: mime-types@2.1.35 want: 1.52.0
500 silly reify moves {}
501 silly audit bulk request {
501 silly audit   express: [ '5.2.1' ],
501 silly audit   'socket.io': [ '4.8.3' ],
501 silly audit   accepts: [ '2.0.0', '1.3.8' ],
501 silly audit   'body-parser': [ '2.3.0' ],
501 silly audit   'content-disposition': [ '1.1.0' ],
501 silly audit   'content-type': [ '1.0.5', '2.1.0' ],
501 silly audit   cookie: [ '0.7.2' ],
501 silly audit   'cookie-signature': [ '1.2.2' ],
501 silly audit   debug: [ '4.4.3' ],
501 silly audit   depd: [ '2.0.0' ],
501 silly audit   encodeurl: [ '2.0.0' ],
501 silly audit   'escape-html': [ '1.0.3' ],
501 silly audit   etag: [ '1.8.1' ],
501 silly audit   finalhandler: [ '2.1.1' ],
501 silly audit   fresh: [ '2.0.0' ],
501 silly audit   'http-errors': [ '2.0.1' ],
501 silly audit   'merge-descriptors': [ '2.0.0' ],
501 silly audit   'mime-types': [ '3.0.2', '2.1.35' ],
501 silly audit   'on-finished': [ '2.4.1' ],
501 silly audit   once: [ '1.4.0' ],
501 silly audit   parseurl: [ '1.3.3' ],
501 silly audit   'proxy-addr': [ '2.0.7' ],
501 silly audit   qs: [ '6.15.3' ],
501 silly audit   'range-parser': [ '1.3.0' ],
501 silly audit   router: [ '2.2.0' ],
501 silly audit   send: [ '1.2.1' ],
501 silly audit   'serve-static': [ '2.2.1' ],
501 silly audit   statuses: [ '2.0.2' ],
501 silly audit   'type-is': [ '2.1.0' ],
501 silly audit   vary: [ '1.1.2' ],
501 silly audit   negotiator: [ '1.1.0', '0.6.3' ],
501 silly audit   bytes: [ '3.1.2' ],
501 silly audit   'iconv-lite': [ '0.7.3' ],
501 silly audit   'raw-body': [ '3.0.2' ],
501 silly audit   ms: [ '2.1.3' ],
501 silly audit   inherits: [ '2.0.4' ],
501 silly audit   setprototypeof: [ '1.2.0' ],
501 silly audit   toidentifier: [ '1.0.1' ],
501 silly audit   'safer-buffer': [ '2.1.2' ],
501 silly audit   'mime-db': [ '1.54.0', '1.52.0' ],
501 silly audit   'ee-first': [ '1.1.1' ],
501 silly audit   wrappy: [ '1.0.2' ],
501 silly audit   forwarded: [ '0.2.0' ],
501 silly audit   'ipaddr.js': [ '1.9.1' ],
501 silly audit   'es-define-property': [ '1.0.1' ],
501 silly audit   'side-channel': [ '1.1.1' ],
501 silly audit   unpipe: [ '1.0.0' ],
501 silly audit   'is-promise': [ '4.0.0' ],
501 silly audit   'path-to-regexp': [ '8.4.2' ],
501 silly audit   'es-errors': [ '1.3.0' ],
501 silly audit   'object-inspect': [ '1.13.4' ],
501 silly audit   'side-channel-list': [ '1.0.1' ],
501 silly audit   'side-channel-map': [ '1.0.1' ],
501 silly audit   'side-channel-weakmap': [ '1.0.2' ],
501 silly audit   'call-bound': [ '1.0.4' ],
501 silly audit   'get-intrinsic': [ '1.3.0' ],
501 silly audit   'call-bind-apply-helpers': [ '1.0.2' ],
501 silly audit   'function-bind': [ '1.1.2' ],
501 silly audit   'es-object-atoms': [ '1.1.2' ],
501 silly audit   'get-proto': [ '1.0.1' ],
501 silly audit   gopd: [ '1.2.0' ],
501 silly audit   'has-symbols': [ '1.1.0' ],
501 silly audit   hasown: [ '2.0.4' ],
501 silly audit   'math-intrinsics': [ '1.1.0' ],
501 silly audit   'dunder-proto': [ '1.0.1' ],
501 silly audit   base64id: [ '2.0.0' ],
501 silly audit   cors: [ '2.8.6' ],
501 silly audit   'engine.io': [ '6.6.9' ],
501 silly audit   'socket.io-adapter': [ '2.5.8' ],
501 silly audit   'socket.io-parser': [ '4.2.7' ],
501 silly audit   'object-assign': [ '4.1.1' ],
501 silly audit   '@types/cors': [ '2.8.19' ],
501 silly audit   '@types/node': [ '26.3.0' ],
501 silly audit   '@types/ws': [ '8.18.1' ],
501 silly audit   'engine.io-parser': [ '5.2.3' ],
501 silly audit   ws: [ '8.21.3' ],
501 silly audit   'undici-types': [ '8.3.0' ],
501 silly audit   '@socket.io/component-emitter': [ '3.1.2' ],
501 silly audit   'media-typer': [ '1.1.1' ]
501 silly audit }
502 http cache media-typer@https://registry.npmjs.org/media-typer/-/media-typer-1.1.1.tgz 0ms (cache hit)
503 http cache @socket.io/component-emitter@https://registry.npmjs.org/@socket.io/component-emitter/-/component-emitter-3.1.2.tgz 0ms (cache hit)
504 http cache undici-types@https://registry.npmjs.org/undici-types/-/undici-types-8.3.0.tgz 0ms (cache hit)
505 http cache ws@https://registry.npmjs.org/ws/-/ws-8.21.3.tgz 0ms (cache hit)
506 http cache @types/ws@https://registry.npmjs.org/@types/ws/-/ws-8.18.1.tgz 0ms (cache hit)
507 http cache engine.io-parser@https://registry.npmjs.org/engine.io-parser/-/engine.io-parser-5.2.3.tgz 0ms (cache hit)
508 http cache @types/node@https://registry.npmjs.org/@types/node/-/node-26.3.0.tgz 0ms (cache hit)
509 http cache @types/cors@https://registry.npmjs.org/@types/cors/-/cors-2.8.19.tgz 0ms (cache hit)
510 http cache object-assign@https://registry.npmjs.org/object-assign/-/object-assign-4.1.1.tgz 0ms (cache hit)
511 http cache socket.io-parser@https://registry.npmjs.org/socket.io-parser/-/socket.io-parser-4.2.7.tgz 0ms (cache hit)
512 http cache socket.io-adapter@https://registry.npmjs.org/socket.io-adapter/-/socket.io-adapter-2.5.8.tgz 0ms (cache hit)
513 http cache engine.io@https://registry.npmjs.org/engine.io/-/engine.io-6.6.9.tgz 0ms (cache hit)
514 http cache cors@https://registry.npmjs.org/cors/-/cors-2.8.6.tgz 0ms (cache hit)
515 http cache base64id@https://registry.npmjs.org/base64id/-/base64id-2.0.0.tgz 0ms (cache hit)
516 http cache dunder-proto@https://registry.npmjs.org/dunder-proto/-/dunder-proto-1.0.1.tgz 0ms (cache hit)
517 http cache math-intrinsics@https://registry.npmjs.org/math-intrinsics/-/math-intrinsics-1.1.0.tgz 0ms (cache hit)
518 http cache hasown@https://registry.npmjs.org/hasown/-/hasown-2.0.4.tgz 0ms (cache hit)
519 http cache has-symbols@https://registry.npmjs.org/has-symbols/-/has-symbols-1.1.0.tgz 0ms (cache hit)
520 http cache gopd@https://registry.npmjs.org/gopd/-/gopd-1.2.0.tgz 0ms (cache hit)
521 http cache es-object-atoms@https://registry.npmjs.org/es-object-atoms/-/es-object-atoms-1.1.2.tgz 0ms (cache hit)
522 http cache function-bind@https://registry.npmjs.org/function-bind/-/function-bind-1.1.2.tgz 0ms (cache hit)
523 http cache get-proto@https://registry.npmjs.org/get-proto/-/get-proto-1.0.1.tgz 0ms (cache hit)
524 http cache call-bind-apply-helpers@https://registry.npmjs.org/call-bind-apply-helpers/-/call-bind-apply-helpers-1.0.2.tgz 0ms (cache hit)
525 http cache get-intrinsic@https://registry.npmjs.org/get-intrinsic/-/get-intrinsic-1.3.0.tgz 0ms (cache hit)
526 http cache call-bound@https://registry.npmjs.org/call-bound/-/call-bound-1.0.4.tgz 0ms (cache hit)
527 http cache side-channel-weakmap@https://registry.npmjs.org/side-channel-weakmap/-/side-channel-weakmap-1.0.2.tgz 0ms (cache hit)
528 http cache side-channel-map@https://registry.npmjs.org/side-channel-map/-/side-channel-map-1.0.1.tgz 1ms (cache hit)
529 http cache side-channel-list@https://registry.npmjs.org/side-channel-list/-/side-channel-list-1.0.1.tgz 0ms (cache hit)
530 http cache object-inspect@https://registry.npmjs.org/object-inspect/-/object-inspect-1.13.4.tgz 0ms (cache hit)
531 http cache es-errors@https://registry.npmjs.org/es-errors/-/es-errors-1.3.0.tgz 0ms (cache hit)
532 http cache path-to-regexp@https://registry.npmjs.org/path-to-regexp/-/path-to-regexp-8.4.2.tgz 0ms (cache hit)
533 http cache is-promise@https://registry.npmjs.org/is-promise/-/is-promise-4.0.0.tgz 0ms (cache hit)
534 http cache unpipe@https://registry.npmjs.org/unpipe/-/unpipe-1.0.0.tgz 0ms (cache hit)
535 http cache side-channel@https://registry.npmjs.org/side-channel/-/side-channel-1.1.1.tgz 1ms (cache hit)
536 http cache es-define-property@https://registry.npmjs.org/es-define-property/-/es-define-property-1.0.1.tgz 0ms (cache hit)
537 http cache forwarded@https://registry.npmjs.org/forwarded/-/forwarded-0.2.0.tgz 0ms (cache hit)
538 http cache ipaddr.js@https://registry.npmjs.org/ipaddr.js/-/ipaddr.js-1.9.1.tgz 0ms (cache hit)
539 http cache ee-first@https://registry.npmjs.org/ee-first/-/ee-first-1.1.1.tgz 1ms (cache hit)
540 http cache safer-buffer@https://registry.npmjs.org/safer-buffer/-/safer-buffer-2.1.2.tgz 0ms (cache hit)
541 http cache toidentifier@https://registry.npmjs.org/toidentifier/-/toidentifier-1.0.1.tgz 0ms (cache hit)
542 http cache setprototypeof@https://registry.npmjs.org/setprototypeof/-/setprototypeof-1.2.0.tgz 0ms (cache hit)
543 http cache inherits@https://registry.npmjs.org/inherits/-/inherits-2.0.4.tgz 0ms (cache hit)
544 http cache wrappy@https://registry.npmjs.org/wrappy/-/wrappy-1.0.2.tgz 0ms (cache hit)
545 http cache ms@https://registry.npmjs.org/ms/-/ms-2.1.3.tgz 0ms (cache hit)
546 http cache raw-body@https://registry.npmjs.org/raw-body/-/raw-body-3.0.2.tgz 0ms (cache hit)
547 http cache iconv-lite@https://registry.npmjs.org/iconv-lite/-/iconv-lite-0.7.3.tgz 0ms (cache hit)
548 http cache bytes@https://registry.npmjs.org/bytes/-/bytes-3.1.2.tgz 1ms (cache hit)
549 http cache negotiator@https://registry.npmjs.org/negotiator/-/negotiator-1.1.0.tgz 0ms (cache hit)
550 http cache vary@https://registry.npmjs.org/vary/-/vary-1.1.2.tgz 1ms (cache hit)
551 http cache type-is@https://registry.npmjs.org/type-is/-/type-is-2.1.0.tgz 1ms (cache hit)
552 http cache statuses@https://registry.npmjs.org/statuses/-/statuses-2.0.2.tgz 0ms (cache hit)
553 http cache serve-static@https://registry.npmjs.org/serve-static/-/serve-static-2.2.1.tgz 0ms (cache hit)
554 http cache router@https://registry.npmjs.org/router/-/router-2.2.0.tgz 0ms (cache hit)
555 http cache send@https://registry.npmjs.org/send/-/send-1.2.1.tgz 0ms (cache hit)
556 http cache range-parser@https://registry.npmjs.org/range-parser/-/range-parser-1.3.0.tgz 0ms (cache hit)
557 http cache qs@https://registry.npmjs.org/qs/-/qs-6.15.3.tgz 1ms (cache hit)
558 http cache proxy-addr@https://registry.npmjs.org/proxy-addr/-/proxy-addr-2.0.7.tgz 0ms (cache hit)
559 http cache parseurl@https://registry.npmjs.org/parseurl/-/parseurl-1.3.3.tgz 0ms (cache hit)
560 http cache once@https://registry.npmjs.org/once/-/once-1.4.0.tgz 0ms (cache hit)
561 http cache on-finished@https://registry.npmjs.org/on-finished/-/on-finished-2.4.1.tgz 0ms (cache hit)
562 http cache mime-types@https://registry.npmjs.org/mime-types/-/mime-types-3.0.2.tgz 0ms (cache hit)
563 http cache merge-descriptors@https://registry.npmjs.org/merge-descriptors/-/merge-descriptors-2.0.0.tgz 0ms (cache hit)
564 http cache http-errors@https://registry.npmjs.org/http-errors/-/http-errors-2.0.1.tgz 0ms (cache hit)
565 http cache fresh@https://registry.npmjs.org/fresh/-/fresh-2.0.0.tgz 0ms (cache hit)
566 http cache finalhandler@https://registry.npmjs.org/finalhandler/-/finalhandler-2.1.1.tgz 0ms (cache hit)
567 http cache escape-html@https://registry.npmjs.org/escape-html/-/escape-html-1.0.3.tgz 0ms (cache hit)
568 http cache etag@https://registry.npmjs.org/etag/-/etag-1.8.1.tgz 0ms (cache hit)
569 http cache encodeurl@https://registry.npmjs.org/encodeurl/-/encodeurl-2.0.0.tgz 0ms (cache hit)
570 http cache depd@https://registry.npmjs.org/depd/-/depd-2.0.0.tgz 1ms (cache hit)
571 http cache debug@https://registry.npmjs.org/debug/-/debug-4.4.3.tgz 0ms (cache hit)
572 http cache cookie-signature@https://registry.npmjs.org/cookie-signature/-/cookie-signature-1.2.2.tgz 0ms (cache hit)
573 http cache cookie@https://registry.npmjs.org/cookie/-/cookie-0.7.2.tgz 0ms (cache hit)
574 http cache content-type@https://registry.npmjs.org/content-type/-/content-type-1.0.5.tgz 0ms (cache hit)
575 http cache content-disposition@https://registry.npmjs.org/content-disposition/-/content-disposition-1.1.0.tgz 0ms (cache hit)
576 http cache body-parser@https://registry.npmjs.org/body-parser/-/body-parser-2.3.0.tgz 0ms (cache hit)
577 http cache accepts@https://registry.npmjs.org/accepts/-/accepts-2.0.0.tgz 0ms (cache hit)
578 http cache socket.io@https://registry.npmjs.org/socket.io/-/socket.io-4.8.3.tgz 0ms (cache hit)
579 http cache express@https://registry.npmjs.org/express/-/express-5.2.1.tgz 0ms (cache hit)
580 http cache mime-db@https://registry.npmjs.org/mime-db/-/mime-db-1.52.0.tgz 0ms (cache hit)
581 http cache mime-types@https://registry.npmjs.org/mime-types/-/mime-types-2.1.35.tgz 0ms (cache hit)
582 http cache negotiator@https://registry.npmjs.org/negotiator/-/negotiator-0.6.3.tgz 0ms (cache hit)
583 http cache accepts@https://registry.npmjs.org/accepts/-/accepts-1.3.8.tgz 0ms (cache hit)
584 http cache content-type@https://registry.npmjs.org/content-type/-/content-type-2.1.0.tgz 0ms (cache hit)
585 http cache content-type@https://registry.npmjs.org/content-type/-/content-type-2.1.0.tgz 0ms (cache hit)
586 http cache content-type@https://registry.npmjs.org/content-type/-/content-type-2.1.0.tgz 0ms (cache hit)
587 http cache mime-db@https://registry.npmjs.org/mime-db/-/mime-db-1.52.0.tgz 0ms (cache hit)
588 http cache negotiator@https://registry.npmjs.org/negotiator/-/negotiator-0.6.3.tgz 1ms (cache hit)
589 http cache mime-types@https://registry.npmjs.org/mime-types/-/mime-types-2.1.35.tgz 0ms (cache hit)
590 http cache accepts@https://registry.npmjs.org/accepts/-/accepts-1.3.8.tgz 0ms (cache hit)
591 http cache mime-db@https://registry.npmjs.org/mime-db/-/mime-db-1.54.0.tgz 0ms (cache hit)
592 silly tarball no local data for media-typer@https://registry.npmjs.org/media-typer/-/media-typer-1.1.1.tgz. Extracting by manifest.
593 silly tarball no local data for @socket.io/component-emitter@https://registry.npmjs.org/@socket.io/component-emitter/-/component-emitter-3.1.2.tgz. Extracting by manifest.
594 silly tarball no local data for undici-types@https://registry.npmjs.org/undici-types/-/undici-types-8.3.0.tgz. Extracting by manifest.
595 silly tarball no local data for ws@https://registry.npmjs.org/ws/-/ws-8.21.3.tgz. Extracting by manifest.
596 silly tarball no local data for @types/ws@https://registry.npmjs.org/@types/ws/-/ws-8.18.1.tgz. Extracting by manifest.
597 silly tarball no local data for engine.io-parser@https://registry.npmjs.org/engine.io-parser/-/engine.io-parser-5.2.3.tgz. Extracting by manifest.
598 silly tarball no local data for @types/node@https://registry.npmjs.org/@types/node/-/node-26.3.0.tgz. Extracting by manifest.
599 silly tarball no local data for @types/cors@https://registry.npmjs.org/@types/cors/-/cors-2.8.19.tgz. Extracting by manifest.
600 silly tarball no local data for object-assign@https://registry.npmjs.org/object-assign/-/object-assign-4.1.1.tgz. Extracting by manifest.
601 silly tarball no local data for socket.io-parser@https://registry.npmjs.org/socket.io-parser/-/socket.io-parser-4.2.7.tgz. Extracting by manifest.
602 silly tarball no local data for socket.io-adapter@https://registry.npmjs.org/socket.io-adapter/-/socket.io-adapter-2.5.8.tgz. Extracting by manifest.
603 silly tarball no local data for engine.io@https://registry.npmjs.org/engine.io/-/engine.io-6.6.9.tgz. Extracting by manifest.
604 silly tarball no local data for cors@https://registry.npmjs.org/cors/-/cors-2.8.6.tgz. Extracting by manifest.
605 silly tarball no local data for base64id@https://registry.npmjs.org/base64id/-/base64id-2.0.0.tgz. Extracting by manifest.
606 silly tarball no local data for dunder-proto@https://registry.npmjs.org/dunder-proto/-/dunder-proto-1.0.1.tgz. Extracting by manifest.
607 silly tarball no local data for math-intrinsics@https://registry.npmjs.org/math-intrinsics/-/math-intrinsics-1.1.0.tgz. Extracting by manifest.
608 silly tarball no local data for hasown@https://registry.npmjs.org/hasown/-/hasown-2.0.4.tgz. Extracting by manifest.
609 silly tarball no local data for gopd@https://registry.npmjs.org/gopd/-/gopd-1.2.0.tgz. Extracting by manifest.
610 silly tarball no local data for has-symbols@https://registry.npmjs.org/has-symbols/-/has-symbols-1.1.0.tgz. Extracting by manifest.
611 silly tarball no local data for es-object-atoms@https://registry.npmjs.org/es-object-atoms/-/es-object-atoms-1.1.2.tgz. Extracting by manifest.
612 silly tarball no local data for function-bind@https://registry.npmjs.org/function-bind/-/function-bind-1.1.2.tgz. Extracting by manifest.
613 silly tarball no local data for get-proto@https://registry.npmjs.org/get-proto/-/get-proto-1.0.1.tgz. Extracting by manifest.
614 silly tarball no local data for call-bind-apply-helpers@https://registry.npmjs.org/call-bind-apply-helpers/-/call-bind-apply-helpers-1.0.2.tgz. Extracting by manifest.
615 silly tarball no local data for get-intrinsic@https://registry.npmjs.org/get-intrinsic/-/get-intrinsic-1.3.0.tgz. Extracting by manifest.
616 silly tarball no local data for call-bound@https://registry.npmjs.org/call-bound/-/call-bound-1.0.4.tgz. Extracting by manifest.
617 silly tarball no local data for side-channel-weakmap@https://registry.npmjs.org/side-channel-weakmap/-/side-channel-weakmap-1.0.2.tgz. Extracting by manifest.
618 silly tarball no local data for side-channel-map@https://registry.npmjs.org/side-channel-map/-/side-channel-map-1.0.1.tgz. Extracting by manifest.
619 silly tarball no local data for side-channel-list@https://registry.npmjs.org/side-channel-list/-/side-channel-list-1.0.1.tgz. Extracting by manifest.
620 silly tarball no local data for object-inspect@https://registry.npmjs.org/object-inspect/-/object-inspect-1.13.4.tgz. Extracting by manifest.
621 silly tarball no local data for es-errors@https://registry.npmjs.org/es-errors/-/es-errors-1.3.0.tgz. Extracting by manifest.
622 silly tarball no local data for path-to-regexp@https://registry.npmjs.org/path-to-regexp/-/path-to-regexp-8.4.2.tgz. Extracting by manifest.
623 silly tarball no local data for is-promise@https://registry.npmjs.org/is-promise/-/is-promise-4.0.0.tgz. Extracting by manifest.
624 silly tarball no local data for unpipe@https://registry.npmjs.org/unpipe/-/unpipe-1.0.0.tgz. Extracting by manifest.
625 silly tarball no local data for side-channel@https://registry.npmjs.org/side-channel/-/side-channel-1.1.1.tgz. Extracting by manifest.
626 silly tarball no local data for es-define-property@https://registry.npmjs.org/es-define-property/-/es-define-property-1.0.1.tgz. Extracting by manifest.
627 silly tarball no local data for ipaddr.js@https://registry.npmjs.org/ipaddr.js/-/ipaddr.js-1.9.1.tgz. Extracting by manifest.
628 silly tarball no local data for forwarded@https://registry.npmjs.org/forwarded/-/forwarded-0.2.0.tgz. Extracting by manifest.
629 silly tarball no local data for ee-first@https://registry.npmjs.org/ee-first/-/ee-first-1.1.1.tgz. Extracting by manifest.
630 silly tarball no local data for safer-buffer@https://registry.npmjs.org/safer-buffer/-/safer-buffer-2.1.2.tgz. Extracting by manifest.
631 silly tarball no local data for toidentifier@https://registry.npmjs.org/toidentifier/-/toidentifier-1.0.1.tgz. Extracting by manifest.
632 silly tarball no local data for setprototypeof@https://registry.npmjs.org/setprototypeof/-/setprototypeof-1.2.0.tgz. Extracting by manifest.
633 silly tarball no local data for inherits@https://registry.npmjs.org/inherits/-/inherits-2.0.4.tgz. Extracting by manifest.
634 silly tarball no local data for wrappy@https://registry.npmjs.org/wrappy/-/wrappy-1.0.2.tgz. Extracting by manifest.
635 silly tarball no local data for ms@https://registry.npmjs.org/ms/-/ms-2.1.3.tgz. Extracting by manifest.
636 silly tarball no local data for raw-body@https://registry.npmjs.org/raw-body/-/raw-body-3.0.2.tgz. Extracting by manifest.
637 silly tarball no local data for iconv-lite@https://registry.npmjs.org/iconv-lite/-/iconv-lite-0.7.3.tgz. Extracting by manifest.
638 silly tarball no local data for bytes@https://registry.npmjs.org/bytes/-/bytes-3.1.2.tgz. Extracting by manifest.
639 silly tarball no local data for negotiator@https://registry.npmjs.org/negotiator/-/negotiator-1.1.0.tgz. Extracting by manifest.
640 silly tarball no local data for vary@https://registry.npmjs.org/vary/-/vary-1.1.2.tgz. Extracting by manifest.
641 silly tarball no local data for type-is@https://registry.npmjs.org/type-is/-/type-is-2.1.0.tgz. Extracting by manifest.
642 silly tarball no local data for statuses@https://registry.npmjs.org/statuses/-/statuses-2.0.2.tgz. Extracting by manifest.
643 silly tarball no local data for serve-static@https://registry.npmjs.org/serve-static/-/serve-static-2.2.1.tgz. Extracting by manifest.
644 silly tarball no local data for router@https://registry.npmjs.org/router/-/router-2.2.0.tgz. Extracting by manifest.
645 silly tarball no local data for send@https://registry.npmjs.org/send/-/send-1.2.1.tgz. Extracting by manifest.
646 silly tarball no local data for range-parser@https://registry.npmjs.org/range-parser/-/range-parser-1.3.0.tgz. Extracting by manifest.
647 silly tarball no local data for qs@https://registry.npmjs.org/qs/-/qs-6.15.3.tgz. Extracting by manifest.
648 silly tarball no local data for proxy-addr@https://registry.npmjs.org/proxy-addr/-/proxy-addr-2.0.7.tgz. Extracting by manifest.
649 silly tarball no local data for parseurl@https://registry.npmjs.org/parseurl/-/parseurl-1.3.3.tgz. Extracting by manifest.
650 silly tarball no local data for once@https://registry.npmjs.org/once/-/once-1.4.0.tgz. Extracting by manifest.
651 silly tarball no local data for on-finished@https://registry.npmjs.org/on-finished/-/on-finished-2.4.1.tgz. Extracting by manifest.
652 silly tarball no local data for mime-types@https://registry.npmjs.org/mime-types/-/mime-types-3.0.2.tgz. Extracting by manifest.
653 silly tarball no local data for merge-descriptors@https://registry.npmjs.org/merge-descriptors/-/merge-descriptors-2.0.0.tgz. Extracting by manifest.
654 silly tarball no local data for http-errors@https://registry.npmjs.org/http-errors/-/http-errors-2.0.1.tgz. Extracting by manifest.
655 silly tarball no local data for fresh@https://registry.npmjs.org/fresh/-/fresh-2.0.0.tgz. Extracting by manifest.
656 silly tarball no local data for finalhandler@https://registry.npmjs.org/finalhandler/-/finalhandler-2.1.1.tgz. Extracting by manifest.
657 silly tarball no local data for escape-html@https://registry.npmjs.org/escape-html/-/escape-html-1.0.3.tgz. Extracting by manifest.
658 silly tarball no local data for etag@https://registry.npmjs.org/etag/-/etag-1.8.1.tgz. Extracting by manifest.
659 silly tarball no local data for encodeurl@https://registry.npmjs.org/encodeurl/-/encodeurl-2.0.0.tgz. Extracting by manifest.
660 silly tarball no local data for depd@https://registry.npmjs.org/depd/-/depd-2.0.0.tgz. Extracting by manifest.
661 silly tarball no local data for debug@https://registry.npmjs.org/debug/-/debug-4.4.3.tgz. Extracting by manifest.
662 silly tarball no local data for cookie-signature@https://registry.npmjs.org/cookie-signature/-/cookie-signature-1.2.2.tgz. Extracting by manifest.
663 silly tarball no local data for cookie@https://registry.npmjs.org/cookie/-/cookie-0.7.2.tgz. Extracting by manifest.
664 silly tarball no local data for content-type@https://registry.npmjs.org/content-type/-/content-type-1.0.5.tgz. Extracting by manifest.
665 silly tarball no local data for content-disposition@https://registry.npmjs.org/content-disposition/-/content-disposition-1.1.0.tgz. Extracting by manifest.
666 silly tarball no local data for body-parser@https://registry.npmjs.org/body-parser/-/body-parser-2.3.0.tgz. Extracting by manifest.
667 silly tarball no local data for accepts@https://registry.npmjs.org/accepts/-/accepts-2.0.0.tgz. Extracting by manifest.
668 silly tarball no local data for socket.io@https://registry.npmjs.org/socket.io/-/socket.io-4.8.3.tgz. Extracting by manifest.
669 silly tarball no local data for express@https://registry.npmjs.org/express/-/express-5.2.1.tgz. Extracting by manifest.
670 silly tarball no local data for mime-db@https://registry.npmjs.org/mime-db/-/mime-db-1.52.0.tgz. Extracting by manifest.
671 silly tarball no local data for mime-types@https://registry.npmjs.org/mime-types/-/mime-types-2.1.35.tgz. Extracting by manifest.
672 silly tarball no local data for negotiator@https://registry.npmjs.org/negotiator/-/negotiator-0.6.3.tgz. Extracting by manifest.
673 silly tarball no local data for accepts@https://registry.npmjs.org/accepts/-/accepts-1.3.8.tgz. Extracting by manifest.
674 silly tarball no local data for content-type@https://registry.npmjs.org/content-type/-/content-type-2.1.0.tgz. Extracting by manifest.
675 silly tarball no local data for content-type@https://registry.npmjs.org/content-type/-/content-type-2.1.0.tgz. Extracting by manifest.
676 silly tarball no local data for content-type@https://registry.npmjs.org/content-type/-/content-type-2.1.0.tgz. Extracting by manifest.
677 silly tarball no local data for mime-db@https://registry.npmjs.org/mime-db/-/mime-db-1.52.0.tgz. Extracting by manifest.
678 silly tarball no local data for negotiator@https://registry.npmjs.org/negotiator/-/negotiator-0.6.3.tgz. Extracting by manifest.
679 silly tarball no local data for mime-types@https://registry.npmjs.org/mime-types/-/mime-types-2.1.35.tgz. Extracting by manifest.
680 silly tarball no local data for accepts@https://registry.npmjs.org/accepts/-/accepts-1.3.8.tgz. Extracting by manifest.
681 silly tarball no local data for mime-db@https://registry.npmjs.org/mime-db/-/mime-db-1.54.0.tgz. Extracting by manifest.
682 http fetch POST 200 https://registry.npmjs.org/-/npm/v1/security/advisories/bulk 1261ms
683 silly audit report {}
684 http fetch GET 200 https://registry.npmjs.org/undici-types/-/undici-types-8.3.0.tgz 1145ms (cache miss)
685 http fetch GET 200 https://registry.npmjs.org/@socket.io/component-emitter/-/component-emitter-3.1.2.tgz 1289ms (cache miss)
686 http fetch GET 200 https://registry.npmjs.org/media-typer/-/media-typer-1.1.1.tgz 1605ms (cache miss)
687 http fetch GET 200 https://registry.npmjs.org/@types/ws/-/ws-8.18.1.tgz 1678ms (cache miss)
688 http fetch GET 200 https://registry.npmjs.org/math-intrinsics/-/math-intrinsics-1.1.0.tgz 1701ms (cache miss)
689 http fetch GET 200 https://registry.npmjs.org/hasown/-/hasown-2.0.4.tgz 1972ms (cache miss)
690 http fetch GET 200 https://registry.npmjs.org/dunder-proto/-/dunder-proto-1.0.1.tgz 2129ms (cache miss)
691 http fetch GET 200 https://registry.npmjs.org/gopd/-/gopd-1.2.0.tgz 2297ms (cache miss)
692 http fetch GET 200 https://registry.npmjs.org/has-symbols/-/has-symbols-1.1.0.tgz 2298ms (cache miss)
693 http fetch GET 200 https://registry.npmjs.org/engine.io-parser/-/engine.io-parser-5.2.3.tgz 2380ms (cache miss)
694 http fetch GET 200 https://registry.npmjs.org/ws/-/ws-8.21.3.tgz 2497ms (cache miss)
695 http fetch GET 200 https://registry.npmjs.org/es-object-atoms/-/es-object-atoms-1.1.2.tgz 2649ms (cache miss)
696 http fetch GET 200 https://registry.npmjs.org/get-proto/-/get-proto-1.0.1.tgz 2708ms (cache miss)
697 http fetch GET 200 https://registry.npmjs.org/side-channel-weakmap/-/side-channel-weakmap-1.0.2.tgz 3160ms (cache miss)
698 http fetch GET 200 https://registry.npmjs.org/call-bound/-/call-bound-1.0.4.tgz 3169ms (cache miss)
699 http fetch GET 200 https://registry.npmjs.org/get-intrinsic/-/get-intrinsic-1.3.0.tgz 3175ms (cache miss)
700 http fetch GET 200 https://registry.npmjs.org/call-bind-apply-helpers/-/call-bind-apply-helpers-1.0.2.tgz 3728ms (cache miss)
701 http fetch GET 200 https://registry.npmjs.org/es-errors/-/es-errors-1.3.0.tgz 4035ms (cache miss)
702 http fetch GET 200 https://registry.npmjs.org/side-channel-map/-/side-channel-map-1.0.1.tgz 4395ms (cache miss)
703 http fetch GET 200 https://registry.npmjs.org/function-bind/-/function-bind-1.1.2.tgz 4422ms (cache miss)
704 http fetch GET 200 https://registry.npmjs.org/side-channel-list/-/side-channel-list-1.0.1.tgz 4921ms (cache miss)
705 http fetch GET 200 https://registry.npmjs.org/is-promise/-/is-promise-4.0.0.tgz 4909ms (cache miss)
706 http fetch GET 200 https://registry.npmjs.org/path-to-regexp/-/path-to-regexp-8.4.2.tgz 5116ms (cache miss)
707 http fetch GET 200 https://registry.npmjs.org/unpipe/-/unpipe-1.0.0.tgz 5132ms (cache miss)
708 http fetch GET 200 https://registry.npmjs.org/side-channel/-/side-channel-1.1.1.tgz 5164ms (cache miss)
709 http fetch GET 200 https://registry.npmjs.org/es-define-property/-/es-define-property-1.0.1.tgz 5168ms (cache miss)
710 http fetch GET 200 https://registry.npmjs.org/object-inspect/-/object-inspect-1.13.4.tgz 5226ms (cache miss)
711 http fetch GET 200 https://registry.npmjs.org/forwarded/-/forwarded-0.2.0.tgz 5716ms (cache miss)
712 http fetch GET 200 https://registry.npmjs.org/ipaddr.js/-/ipaddr.js-1.9.1.tgz 5726ms (cache miss)
713 http fetch GET 200 https://registry.npmjs.org/setprototypeof/-/setprototypeof-1.2.0.tgz 5861ms (cache miss)
714 http fetch GET 200 https://registry.npmjs.org/inherits/-/inherits-2.0.4.tgz 5860ms (cache miss)
715 http fetch GET 200 https://registry.npmjs.org/toidentifier/-/toidentifier-1.0.1.tgz 5913ms (cache miss)
716 http fetch GET 200 https://registry.npmjs.org/ee-first/-/ee-first-1.1.1.tgz 5925ms (cache miss)
717 http fetch GET 200 https://registry.npmjs.org/ms/-/ms-2.1.3.tgz 6446ms (cache miss)
718 http fetch GET 200 https://registry.npmjs.org/wrappy/-/wrappy-1.0.2.tgz 6451ms (cache miss)
719 http fetch GET 200 https://registry.npmjs.org/safer-buffer/-/safer-buffer-2.1.2.tgz 6588ms (cache miss)
720 http fetch GET 200 https://registry.npmjs.org/negotiator/-/negotiator-1.1.0.tgz 6864ms (cache miss)
721 http fetch GET 200 https://registry.npmjs.org/raw-body/-/raw-body-3.0.2.tgz 7546ms (cache miss)
722 http fetch GET 200 https://registry.npmjs.org/serve-static/-/serve-static-2.2.1.tgz 7947ms (cache miss)
723 http fetch GET 200 https://registry.npmjs.org/statuses/-/statuses-2.0.2.tgz 8152ms (cache miss)
724 http fetch GET 200 https://registry.npmjs.org/type-is/-/type-is-2.1.0.tgz 8157ms (cache miss)
725 http fetch GET 200 https://registry.npmjs.org/vary/-/vary-1.1.2.tgz 8185ms (cache miss)
726 http fetch GET 200 https://registry.npmjs.org/send/-/send-1.2.1.tgz 8610ms (cache miss)
727 http fetch GET 200 https://registry.npmjs.org/range-parser/-/range-parser-1.3.0.tgz 8912ms (cache miss)
728 http fetch GET 200 https://registry.npmjs.org/proxy-addr/-/proxy-addr-2.0.7.tgz 8911ms (cache miss)
729 http fetch GET 200 https://registry.npmjs.org/cors/-/cors-2.8.6.tgz 9066ms (cache miss)
730 http fetch GET 200 https://registry.npmjs.org/qs/-/qs-6.15.3.tgz 8956ms (cache miss)
731 http fetch GET 200 https://registry.npmjs.org/parseurl/-/parseurl-1.3.3.tgz 9243ms (cache miss)
732 http fetch GET 200 https://registry.npmjs.org/bytes/-/bytes-3.1.2.tgz 9339ms (cache miss)
733 http fetch GET 200 https://registry.npmjs.org/socket.io-parser/-/socket.io-parser-4.2.7.tgz 9493ms (cache miss)
734 http fetch GET 200 https://registry.npmjs.org/merge-descriptors/-/merge-descriptors-2.0.0.tgz 9647ms (cache miss)
735 http fetch GET 200 https://registry.npmjs.org/on-finished/-/on-finished-2.4.1.tgz 9658ms (cache miss)
736 http fetch GET 200 https://registry.npmjs.org/once/-/once-1.4.0.tgz 9664ms (cache miss)
737 http fetch GET 200 https://registry.npmjs.org/base64id/-/base64id-2.0.0.tgz 9817ms (cache miss)
738 http fetch GET 200 https://registry.npmjs.org/mime-types/-/mime-types-3.0.2.tgz 9662ms (cache miss)
739 http fetch GET 200 https://registry.npmjs.org/http-errors/-/http-errors-2.0.1.tgz 9926ms (cache miss)
740 http fetch GET 200 https://registry.npmjs.org/fresh/-/fresh-2.0.0.tgz 9928ms (cache miss)
741 http fetch GET 200 https://registry.npmjs.org/router/-/router-2.2.0.tgz 10212ms (cache miss)
742 http fetch GET 200 https://registry.npmjs.org/encodeurl/-/encodeurl-2.0.0.tgz 10389ms (cache miss)
743 http fetch GET 200 https://registry.npmjs.org/etag/-/etag-1.8.1.tgz 10399ms (cache miss)
744 http fetch GET 200 https://registry.npmjs.org/depd/-/depd-2.0.0.tgz 10397ms (cache miss)
745 http fetch GET 200 https://registry.npmjs.org/escape-html/-/escape-html-1.0.3.tgz 10412ms (cache miss)
746 http fetch GET 200 https://registry.npmjs.org/cookie-signature/-/cookie-signature-1.2.2.tgz 10412ms (cache miss)
747 http fetch GET 200 https://registry.npmjs.org/debug/-/debug-4.4.3.tgz 10428ms (cache miss)
748 http fetch GET 200 https://registry.npmjs.org/cookie/-/cookie-0.7.2.tgz 10880ms (cache miss)
749 http fetch GET 200 https://registry.npmjs.org/content-disposition/-/content-disposition-1.1.0.tgz 10880ms (cache miss)
750 http fetch GET 200 https://registry.npmjs.org/body-parser/-/body-parser-2.3.0.tgz 10884ms (cache miss)
751 http fetch GET 200 https://registry.npmjs.org/accepts/-/accepts-2.0.0.tgz 10887ms (cache miss)
752 http fetch GET 200 https://registry.npmjs.org/content-type/-/content-type-2.1.0.tgz 11435ms (cache miss)
753 http fetch GET 200 https://registry.npmjs.org/express/-/express-5.2.1.tgz 11472ms (cache miss)
754 http fetch GET 200 https://registry.npmjs.org/negotiator/-/negotiator-0.6.3.tgz 11447ms (cache miss)
755 http fetch GET 200 https://registry.npmjs.org/accepts/-/accepts-1.3.8.tgz 11448ms (cache miss)
756 http fetch GET 200 https://registry.npmjs.org/mime-types/-/mime-types-2.1.35.tgz 11474ms (cache miss)
757 http fetch GET 200 https://registry.npmjs.org/engine.io/-/engine.io-6.6.9.tgz 12138ms (cache miss)
758 http fetch GET 200 https://registry.npmjs.org/mime-db/-/mime-db-1.52.0.tgz 11928ms (cache miss)
759 http fetch GET 200 https://registry.npmjs.org/content-type/-/content-type-2.1.0.tgz 11971ms (cache miss)
760 http fetch GET 200 https://registry.npmjs.org/content-type/-/content-type-2.1.0.tgz 11973ms (cache miss)
761 http fetch GET 200 https://registry.npmjs.org/negotiator/-/negotiator-0.6.3.tgz 12061ms (cache miss)
762 http fetch GET 200 https://registry.npmjs.org/mime-types/-/mime-types-2.1.35.tgz 12537ms (cache miss)
763 http fetch GET 200 https://registry.npmjs.org/finalhandler/-/finalhandler-2.1.1.tgz 12634ms (cache miss)
764 http fetch GET 200 https://registry.npmjs.org/accepts/-/accepts-1.3.8.tgz 12546ms (cache miss)
765 http fetch GET 200 https://registry.npmjs.org/mime-db/-/mime-db-1.54.0.tgz 12601ms (cache miss)
766 http fetch GET 200 https://registry.npmjs.org/mime-db/-/mime-db-1.52.0.tgz 13317ms (cache miss)
767 http fetch GET 200 https://registry.npmjs.org/socket.io/-/socket.io-4.8.3.tgz 16936ms (cache miss)
768 http fetch GET https://registry.npmjs.org/socket.io-adapter/-/socket.io-adapter-2.5.8.tgz attempt 1 failed with ECONNRESET
769 http fetch GET https://registry.npmjs.org/@types/node/-/node-26.3.0.tgz attempt 1 failed with ECONNRESET
770 http fetch GET https://registry.npmjs.org/@types/cors/-/cors-2.8.19.tgz attempt 1 failed with ECONNRESET
771 http fetch GET 200 https://registry.npmjs.org/content-type/-/content-type-1.0.5.tgz 23344ms (cache miss)
772 http fetch GET https://registry.npmjs.org/socket.io-adapter/-/socket.io-adapter-2.5.8.tgz attempt 2 failed with ECONNABORTED
773 http fetch GET https://registry.npmjs.org/@types/node/-/node-26.3.0.tgz attempt 2 failed with ECONNABORTED
774 http fetch GET https://registry.npmjs.org/@types/cors/-/cors-2.8.19.tgz attempt 2 failed with ECONNABORTED
775 http fetch GET 200 https://registry.npmjs.org/object-assign/-/object-assign-4.1.1.tgz 98076ms (cache miss)
776 http fetch GET 200 https://registry.npmjs.org/iconv-lite/-/iconv-lite-0.7.3.tgz 98023ms (cache miss)
777 http fetch GET 200 https://registry.npmjs.org/socket.io-adapter/-/socket.io-adapter-2.5.8.tgz 162164ms attempt #3 (cache miss)
778 http fetch GET 200 https://registry.npmjs.org/@types/cors/-/cors-2.8.19.tgz 162201ms attempt #3 (cache miss)
779 http fetch GET https://registry.npmjs.org/@types/node/-/node-26.3.0.tgz attempt 3 failed with ETIMEDOUT
780 verbose type system
781 verbose stack FetchError: request to https://registry.npmjs.org/@types/node/-/node-26.3.0.tgz failed, reason: 
781 verbose stack     at ClientRequest.<anonymous> (/data/data/com.termux/files/usr/lib/node_modules/npm/node_modules/minipass-fetch/lib/index.js:130:14)
781 verbose stack     at ClientRequest.emit (node:events:509:20)
781 verbose stack     at emitErrorEvent (node:_http_client:111:11)
781 verbose stack     at _destroy (node:_http_client:1006:9)
781 verbose stack     at onSocketNT (node:_http_client:1027:5)
781 verbose stack     at process.processTicksAndRejections (node:internal/process/task_queues:91:21)
782 error code ETIMEDOUT
783 error errno ETIMEDOUT
784 error network request to https://registry.npmjs.org/@types/node/-/node-26.3.0.tgz failed, reason: 
785 error network This is a problem related to network connectivity.
785 error network In most cases you are behind a proxy or have bad network settings.
785 error network
785 error network If you are behind a proxy, please make sure that the 'proxy' config is set properly.  See: 'npm help config'
786 silly unfinished npm timer reify 1787666245766
787 silly unfinished npm timer reify:unpack 1787666332700
788 silly unfinished npm timer reifyNode:node_modules/@types/node 1787666332702
789 verbose cwd /data/data/com.termux/files/home/mon-chat
790 verbose os Linux 6.6.102-android15-8-g1481f357a31c-ab14794947-4k
791 verbose node v26.4.0
792 verbose npm  v11.19.0
793 verbose exit 1
794 verbose code 1
795 error A complete log of this run can be found in: /data/data/com.termux/files/home/.npm/_logs/2026-08-25T13_57_24_229Z-debug-0.log
